spna
SAPNA
Sapna
DIN
dinn
asmita
asmita
Asimta
AASMITA
oDst
Dost
DOST
Dosot
LASSIN
Lassin
KHWAAB
khwaaab
khwab
uemeed
umeed
umeedd
ummeed
bhagwaan
Bhagwan
Bhagwan
Bhagwann
bhaajn
BHHAJAN
BHAAJAN
KIRSHNNA
Krishan
ShSiv
Shiv
HSIV
shvi
durga
DUURGA
Desh
desh
ddesh
pl
PAL
PAL
PRERNA
Prerna
PRRERNA
pakora
Pakora
PAKORAA
sukooon
SUUKOON
Durga
DURGA
DUURAG
sannjh
saanjhh
Umeded
UMEED
UMEED
umeed
Bndhan
bndhhan
Bndhann
Banhdan
Maausam
Musamm
baachpan
BACHPPAN
gaanesh
ganeshh
Sannata
ASNNATA
SANNNATA
PATTAGYRA
pattaagyra
IIdli
IDLLI
duurga
durg
DRURGA
DURGA
Matrubhasha
Matrubhashaa
matrubhashaa
saanjha
saanjha
JALEBBI
JAELBI
rram
RRma
YAADEIN
yaadein
YAADEIN
khusih
khushi
KHUSHI
asmimta
asimtaa
aydeinn
Yaadeinn
yaaddien
Roshni
rosshni
Rosshni
Roshnni
PAKKORA
PAOKORA
yaadein
yaadein
Yaadein
Haalwa
hhalwa
halwa
Safar
safaar
Lassiu
lassiu
prem
PREMM
PPREM
Shhivaa
shhivaa
shiva
shakit
Shakti
shakti
savera
SAVERA
JJANAM
janamm
JANAM
njnam
Paanii
Paani
PAAANI
sannnata
Sannata
snnata
SANNATTA
iidil
idli
idlli
idli
GGeetu
GGEETU
alloo
Aloo
lssiu
lasssiu
lsasiu
lassiiu
Viirasat
Virasatt
VIRASAT
BHINIDAA
BHHIDNIAA
BHINDIAA
Bhindiaaa
Shantiiaa
Shhntiaa
shaantiaa
Shantiaa
prasad
PRASAD
rssgullaaa
rasgullaaa
pprernaaa
prrernaaa
prernaaa
Prerrnaaa
Asmitaa
asmita
asmita
MMUSKAN
uMskan
muskkan
rsgulla
rsasgulla
Rasgullla
SFAAR
SAFAR
sfaarr
ssafar
MUSKAN
Muskn
SAFAR
safaar
saffar
Muskann
muskan
Asmmit
asmiita
virasata
Virasata
VIRAASTA
ssfari
ssafari
safarii
prme
preem
Prem
aaam
Aam
aam
aamm
virsaat
Viirasat
virasat
virsat
rroshnia
roshin
pattaagrya
PATTAGGYRA
Pattagyra
Sukoon
sukooon
smitaaa
smitaaa
Kalaakar
KALAAKAR
kkalakar
kalakar
BBHATURAI
BHATURAII
BBHATURAI
bhautrai
BHBINDI
Bhindi
bhindii
bhhindi
Poojji
ppooji
poojii
poojaii
SAPNA
Sapna
SAAPNA
Sapna
PYAAAR
PYAAR
khwaib
khwaabi
Bhhaturaaa
bhaturaaaa
aam
AAM
Aam
PAANNI
APANI
nirvnau
nirvanauu
NIRVANUA
dhartii
dharti
DHARIT
BHAKTI
bhkti
BHAKTI
Bhtki
asnskaar
Snnskaar
Sanskaarr
SANSSKAAR
zindagiu
ZINDDAGIU
PAKORA
pakora
laassi
LASSIS
LASSI
ABNDEGAI
bandegai
Am
aam
AAam
AAam
sannataa
Sananta
SSannata
DDLA
ddl
DAAL
DAL
geet
geeet
geeet
swwara
sswara
srwaa
SWARA
Raatt
rraat
DURGA
durga
Laddui
LADDDUI
lladdui
Shivv
shhvi
Bhagwan
BAHGWAN
bhagwan
bhgwan
DOSA
DSOA
dhrrtiaa
DHARTIAA
dhrtiaa
DHARTIAA
Dos
Doosa
Swwar
sswar
WSAR
Sukononn
SUKOONN
Bhatuura
BHATURA
hbhatura
swaar
Swar
DILI
Diili
geett
Geeet
GEET
idliee
Idlieee
Pakoora
PAKORAR
PAKORRA
pkora
Doost
doost
dost
dosst
SHIV
SHSIV
doss
dosa
pal
PPl
CHAWAAL
chwala
Poooja
POOJA
pakora
pkora
aama
aam
aaam
am
ROTI
rtoi
SHIV
shiiv
sihiv
Shiv
VIRASATT
VIRASAT
rotii
roiti
prem
prrem
chawala
CCHAWALA
MEHMAANEEE
mehmanee
Mehmaanee
Mehmannee
saanjhhi
Saaanjhi
saanjhi
Saanjhi
Biyryni
BIRYANI
biryani
biyrani
Idliaa
ildiaa
IDDLIAA
PPANEERN
Pneern
diin
din
DIN
Din
bhagwan
Bhagwan
BHAJAN
BHAJAN
jannanm
JANAMN
bbhindi
BHINDI
roshni
ROSHNI
ROSHNI
KRISHNA
Krishhna
kkrishna
krishna
umeed
umeed
umeeed
Jlebiu
Jaleebiu
JJalebui
Jlebiu
krsihnnaee
KRISHNEAEE
kriishnee
Dal
Dal
dal
dll
kriishna
krishna
krishn
kriishn
rsgullaa
rasguullaa
Rsgullaa
rasgullaa
biryanin
biryanni
BIIRYANIN
khuuhsiee
khhushiee
SAFAR
safar
ssafar
sfar
DALEEE
dlee
daleee
dleee
gulbjamun
gluabjamuun
gulabjamun
Dessha
deesh
desha
Sapna
Saapan
SAPNNA
Sapna
VIRASAT
virssat
vrisatt
VIRASAT
pneer
ppaneer
panere
Humssafar
Humsafar
Panneer
PANEER
PANEER
pneer
zindagiee
zindgiee
zindagieee
dhatri
Dharti
alloo
aloo
Alooo
loo
SAMOSA
SSAMOSA
pal
pal
PPal
plal
din
DIN
din
DALAA
dala
dala
daal
matrubhasha
Mtrubhasha
matrubhasha
saanjjh
saaanjh
Sanjh
geet
geget
GEET
BIRRYANI
BIRYANNI
biiryani
Lasisi
lassii
LASISII
lssii
zinddagi
ZINDAGI
ziindagi
zindgi
Snnata
Sannata
halwa
Hlawa
hlawa
HHalwa
raam
Rmm
RAMM
KHUSHBBOO
KHUSHBOOO
bbhtaura
bhaturra
lddu
LADDU
LADDU
Geeet
geet
Geeet
bhjan
bhhjan
ssaverau
asverau
PPLA
Pal
PaPl
deshh
DESH
rroti
roti
biryni
Birayni
smiati
ASMITTAI
ASMITAI
DIN
din
DINI
dil
DILL
DIIL
SHAKTI
shkkti
shakti
pyaara
pyra
PYAAAR
RASGULLAA
rasggullaa
rasgullaa
Smosa
Samosa
samosa
SAMOSSA
Ksshan
KSHAN
ROSHNIA
RROSHNIA
Savear
svera
SSavear
shiava
shivaa
shivaa
MUSKANA
msukna
mmsukna
Muskanna
pooj
POOJA
bbandegaia
Bandegaia
bandegaia
Bandegiaa
MMehmaan
mehmaan
MEHMAANN
Biryanui
Birnyiu
SKHAN
kshan
kshan
kshan
ppal
Pal
PAL
Paal
hBhajan
BHAJAN
JANAM
jaanam
JANAMM
aloo
alooo
aaloo
lloo
prasad
parsad
RRaatn
Raaatn
RAATNN
halwa
HALAWA
hCai
Chi
chai
Chahi
Aaasha
AASHA
mmehmaan
mehmaaan
MEEHMAAN
mehman
PRERNAAAA
PRERNAAA
prernaaaa
KALAKARA
kalakaraa
kalakara
Kalaakara
paanerea
Paaneera
paneera
paneera
shktti
shakti
Shkit
Shakti
lassi
LASSI
Lsssi
lsssi
kshn
kshan
Desh
desh
DESH
Chai
Chai
PANEER
PANEER
bhaktni
bhakktin
BHAKTIN
rasuglla
RASGULLA
kshann
kkshnn
kshann
kshann
Durgann
DURGNA
DURGAN
Durgn
DOSA
dosa
Bachpanni
Bachpani
bachpani
abchpanii
DINII
Dini
dinni
saffar
safar
Sanskkaar
SSANSKAAR
Snsakar
diluu
diilu
dilu
aam
aamm
aam
Aaam
roti
RoRti
ROOTI
rooti
HALWAAA
HAALWAAA
halwaaa
halwaaaa
Cahi
chai
SANNATA
snnata
aSnnata
PRERRNA
PRRENA
Preran
shakti
SAHKTTI
shaktti
shakkti
sshanti
shanti
Shnti
Manizl
manzil
mnzil
MANNZIL
MANZIL
MANZIIL
MANNZIL
durgan
DDURGAN
idli
iidli
bachpaanee
BBACHPANEE
BACHPANEE
SHAKTI
shakti
shhakti
Rotii
ROTII
Rotii
Saanskaar
SANSKAARR
hhawa
aHwa
HAWAA
bandhan
BANDHNA
banndhan
banddhna
VIRASSAT
virasat
vvirasat
PPAANI
PAANI
apani
saaanjhi
asanjhi
sanhji
umeed
umeed
aaam
aam
zindgi
ZIINDAGI
Zinndagi
Chaai
cchi
pl
pal
pyaar
pyyar
Pyar
pyaar
pprern
prernaa
Prern
RAATA
raaat
paneer
pneerr
Kalakar
kalakra
Kalkaar
kkalakar
iidlii
IDLII
Idliii
aloo
lAoo
krishna
krishn
Klakar
kalakar
Kalakra
yadeina
yadenia
SUKOOON
Sukoon
Virasatt
virrasat
Virasat
SANNATAEE
SANNTAAEE
CHAII
chai
CHAI
CHAI
JANMA
janam
janam
jnam
biryani
Biryani
nirvana
nirvanaa
nirvaana
Nirvnaa
dal
DDl
ddl
BHAGWANNN
bhawgaann
bhagwann
bhagwann
daala
DALA
ramaa
ramaaa
RAMMAA
ugulabjamun
guljbamun
gulabjjamun
GULABJAMUN
SHAKTII
Shakti
hskti
PANEERAA
ppaneeraa
peneraa
Panneeraa
RMAI
RAIM
Rmi
YAADEIN
YYaadein
Yaaadein
gaenssh
ganeshh
durga
durg
PRASADD
PARASAD
raataa
rrataa
Raataa
privaara
PARIVAAARA
parivaara
PARIVAAARA
Khushi
kkhushi
KHSUHI
bhhindii
BHINDII
Krisnhau
kkrishnau
ALLOO
aloo
Alooo
aloo
RRaat
Rat
RAAT
Diil
dil
DIL
DIL
dhaarti
dharti
Shiv
Shiv
parivaaar
privaarr
pparivaar
PARIAVAR
MAUSAAM
musam
musam
kshan
KSHAAN
AAMM
Aamm
amm
AAM
bcphan
Bchpan
BACHPAN
Bachpan
Pyar
PAYAAR
ypyaar
kaalkaar
KALAKAR
kalakar
kallakar
Dehs
DDSEH
desh
desh
Prernaaa
Prernaa
muskn
muskn
Jnam
Janam
jaanm
janam
ddesh
DEESH
ddostee
doostee
DDOSTEE
dostee
roshni
roshni
privaar
PARRIVARA
PARIVAAAR
pariivaar
bhktiaa
BHAKTTIA
bhaktiaa
Bhakita
Bandhann
banndhann
BHIDNI
BHINDI
bhindi
bhindi
humfsar
Humsafar
HUMSAAFAR
Humsafar
mmatanr
matarnn
Mtran
matarrn
kshannee
Kshnee
ARAM
RAMM
Rm
Rm
dlln
DDALN
DDALN
KRISHANEE
krrishnee
kkrishnee
kriishnaee
Diin
DDin
DIN
din
Diin
din
DIN
Rata
RAATT
rat
raat
parivaar
pirvaar
rami
Rmi
sapan
Spna
SAPNA
Jalebi
jjalebi
jalebi
muskan
mmuskan
muskkan
muskan
Virasatu
virasattu
viraastuu
ASSIMTA
smmita
asmitaa
asmita
VIRARSATAA
VIRASATAA
virasaataa
VIRASATAA
musskn
muskkn
dostaa
dostaa
dosata
Dostaa
SHHAKTI
shakti
shakti
Shaakti
Bhaktinn
BBhaktin
bhbaktin
ssapna
SSapna
psna
sapna
KHWAAAB
khwaab
khwaab
KKhwab
HHlaw
halwa
HHALWA
AASHAAU
asahau
aashau
AASHAUU
Bhgwan
BHAGWAN
swree
swareee
swaree
Swraee
raat
rat
pprasad
PRRASAD
shahnti
shanti
shanti
Lassiee
alssiee
SSANNATA
snnata
humsafarn
humsafarrn
Husmafarn
RAM
rram
Rm
ram
EMHMAAAN
MEHMAAN
mmehmaan
MEHMAAN
JLAEBI
jalebi
JALEBI
dosta
Dosta
DOSTTA
dosta
Mtrubhasha
mtrubhassha
mmtrubhasha
Matrubhasha
Pneer
PANEEER
lasssi
LASSSI
rasgullaa
RASGULLAA
bachphanaa
bccphanaa
Baachpaana
sanskkaar
SANSKAAR
snsskaar
GULABJAMUUN
gulabjamun
Gulbbjamun
POOJA
ppooja
NIRVAANEE
nirvanaeee
nirvnaee
pl
Pall
Musskan
muskan
musskan
muskan
DAL
ddal
Matar
maatar
SSamosaaa
samooasaa
smaosaaa
SAMOSAAA
AASHAAA
AASHAAA
Aahsaaa
bhindi
BHIINDI
BHINDI
Bdnhanni
BBANDHANI
BNADHANI
banhdani
LLassi
Lassi
Aloo
ALOOO
AALOO
aloo
laddu
ldddu
LLADDU
lalddu
rrasgullau
rasgullaau
RASGULLLAU
Gulabjamun
guulbjamun
GULABJAMUN
bndegai
bandegai
rroti
rroti
aloloaa
AOLOAA
ALOOOAA
KHWAAB
kwhaaab
KHWAABB
kkhwab
KHWABA
roti
rotii
mnziil
Manzill
Pneer
Paneeer
pneer
Pnneer
biryni
Biryaani
biryyani
biryani
shiv
Shiv
jlebbi
JALEBI
jalebi
jjalebi
Halwa
Halwa
Halwa
dessh
DDesh
Desh
Desh
dll
dal
Dl
asmmita
asmtiaa
smitta
lsssi
LASSI
Laddu
alddu
LADDU
LAADDU
ddin
Diin
din
Din
PALL
pal
PAL
Pal
prasadaa
prsaddaa
PRASADAA
virasateee
Viarasatee
smita
asmita
ASMITTA
CHAI
Chaii
chai
chai
swwraa
swaraaa
swaraa
Swaraa
RAM
Ram
KHUSSHBOO
khushhboo
Dosaa
dosa
dosa
Dos
Chaii
Chhai
chi
SAPPNA
saanpa
sapna
bhiindi
BHINDI
bhinid
BBHINDI
raatti
ratti
Raatii
raati
MAUUSAM
MAUSAM
shiv
Shhiv
SHIVV
yaadeinaa
yaadeinaa
yaadeinaa
saveraee
saveraee
Saverraee
SAVERAEE
humsafarr
HUMASFAR
humsafar
hhumsafr
SAAPNA
sapnna
Sapna
SSpna
SAAFAR
SAFARR
SAFAR
PANEER
paneerr
paneer
Spnaa
sapnaa
ssapna
JANAAM
janaam
jjanam
AJNAAM
HAWA
hawa
DIN
din
DIN
din
kalakar
kalakar
klakarr
kalakkar
Deesh
Desh
desh
desh
rasgullla
rrasgulal
RASGULLAA
RASGULLA
kalakar
Kalakaar
VIRASAT
Viraast
Virasat
Visrat
Saaanjh
ssanjh
saanjh
bhagwan
BHAGWAN
musnk
muskan
muuskan
KHUSHII
Khushii
ADLL
dal
dl
dal
PRASAD
prasda
prasad
khwaaab
khwab
khwaaab
khwaab
raat
Rata
raat
SMAOSA
SAMOSA
sammosa
Samosa
hwaa
ahwa
hummsafarn
Humsfarn
pyaarr
pyaar
din
Din
rotti
rotai
rooshnin
orshnin
Vriasat
Virasat
Sukoonu
sukooonu
sukoonuu
Gulabjamun
Gulabjamun
durga
DURGA
DURGA
dinnn
dinn
diinn
dinnn
Dill
didl
dil
DIIL
jannam
jnam
pttagyra
pattagyra
Desh
dseh
eDsh
Rotti
rroti
roti
Safarr
Saffar
CCwhal
Chwal
chaawal
CHAWAL
LLASSI
lsssi
lassi
BIHNDI
bbhindi
Bhindi
bhhindi
Guulbjamun
Guulbjamun
gulabbjamun
GULABJAMUN
krishna
rkishna
sswar
Swar
sawr
ROTI
ORTI
ratnn
raatnn
RAATN
CHAI
Chai
ram
RAAM
ramm
ram
SSmosa
Samosa
samosa
apanii
apani
PPani
paaani
paneer
PAANEER
PNAEER
Paneer
SANNATA
sannataa
sannata
sannata
SSHAKTI
SHAKTTI
HSAKTTI
hsaakti
ngesh
ganeesh
gnesh
SUKOOON
Sukoon
Skuoon
Matrubhashaa
Matrubhashaa
Matrubhashaa
Bhagwawn
bhagwan
Dill
Dil
Dil
poojaaee
poojee
Pooojaee
biryani
BIRYANI
biryynai
bbiryani
PATTAGYRAAAA
pattagyraaa
pattagyraaa
prasad
prasad
prasad
MAAUSAMU
Mussamu
Mausamu
Mausamu
umeeed
umeed
umeeed
uumeed
ROTI
Rtoi
rotti
ROTII
shantii
Shanti
SSHANTI
looo
Aoloo
alloo
nirrvnau
inirvanau
nirvanau
NIRVNAAU
Alooo
aaloo
alooo
Khushboo
khushboo
krishna
Krsihna
biyrni
ibryani
biryani
biyrni
Mausam
mmausam
ODOSTEE
Dostee
Dosete
Dostee
dinene
diene
Pattagyra
PATTTAGYRA
Pattagyra
bhagwan
bhagwan
bhgwan
Safair
sffari
sfari
DOSAA
odosa
DOSA
Dosa
Krishna
rKishna
kkrishna
krrishna
bandegaii
BANEDGAAI
BANDEGAI
bhturan
BHAUTRAN
Bhaaturan
Kalakar
klaakr
kalaakar
KALAKAR
swwar
swwr
bbhjan
bhajan
bhajan
Bhajaan
MANZIL
AMNZIIL
paneeer
paneer
paneer
POOJA
POOJJA
pooja
Lssi
LASSSI
BHAGWANAA
Bghwanaa
Bhaggwanaa
bhgawan
bahgwan
bhagwan
AAMI
AAMMI
PAANNI
Paaani
Jalebi
jalebi
Jaleeib
nmzill
manziil
nmzil
ypaara
pyara
Pyaaara
Payra
POOJAA
POOJA
mtarr
maatr
Matar
sapna
Snpa
sapna
matra
MTAARR
khushbboo
khushbooo
KHUSHBOO
KHUUSHBOO
ldadu
Lddu
ladduu
ASPNA
spana
SHHANTIEE
SHANNTIEE
DESSH
Desh
deshh
deesh
paani
ppani
Paani
Paanni
Sannata
snnata
snnata
UMEEED
umeed
Umeeed
rorshni
rosshni
roshni
ROSHNI
SHIVEE
shiveee
shiivee
Shivee
BACHPAN
bachhpan
pneeer
paneer
Manzzil
Mnzil
manzzil
PATTAGYRA
ptttagyra
Maatrubhasha
Matrubhasha
MATRUBHASHA
matruuhbasha
mmuksn
MSUKKAN
bahcpanee
Bachpanee
BAHCPANEE
bchpanee
Bchpan
Bchppan
Rasgulla
rasgullaa
Paneer
Paneer
ppanere
pnaeer
Bhajan
bhajan
bhjna
bhjan
GGnesh
GANESHH
Ganesh
ganeshh
saffar
safar
safaar
prasadu
pprsadu
dhrtti
Dharti
prsad
prsaad
BHAJAAN
bhajjan
bhajann
KSHANU
kshanu
skhanuu
sKhnu
BANDHAN
Bandhann
BBANDHAN
VIRASAT
VIRASSAT
virasaat
Virarsat
MATAR
matar
Mtar
jalebi
JALEBII
haawa
haawa
Hwaa
Hawa
Meehmaan
mmheman
MMehman
SAMOSA
SAAMOSA
BACHHPAN
bahcpan
MANZILEE
MNAZILEE
mnzileee
mnzilee
DDINN
DINN
GEETA
geetta
Geetta
EGETAA
RRsagulla
RASGUULLA
Dosuu
Doosu
matrubhashaa
matrubhasha
khawab
khwab
khwab
Khwaab
Pkora
Pkora
paokra
IDLLI
iddli
idlii
SHIVUU
shiuv
shiivu
SHHVIU
DIL
diil
Dil
diil
saanjh
Saanjjh
saaanjh
sapna
spna
PAL
PAAL
Pall
idlli
IDLIA
IIDLIA
idila
doosti
doosti
Dosti
ddosti
UUmeed
UMMEED
umeed
Uemed
PAKORRA
pkorra
pkora
PAKORAA
roshniaa
orshhniaa
Rosnhia
RROSHNIAA
Gulabjamunnu
Gulabjammunu
gulaabjamunu
gulabjamunu
Humsafari
humsfari
humsafari
kshn
KSHAAN
KSHNA
Rotti
Roti
rram
rama
chawalaaa
Chawalaa
chaawalaa
chawalaa
praasadn
prasadn
ssannata
ssannata
snnata
SANNAAT
sshvi
hSiv
hsntiaa
shantia
Snhtia
mehmaana
Mehhmaana
VIRRASAT
virasat
VVIRASAT
Viraast
Jlebi
JAALEIB
snnaata
sannata
khwaaab
khwaab
khwaab
Khwaab
sanskkaar
Sanskaar
Sanskaar
mauasmee
Musamee
IIDLI
ildi
Idlli
idli
Sannata
Snnata
virasat
virasatt
VIRAASAT
VIRRASAT
Dosaaa
Dosa
dsoaa
dosa
Pattaggyra
ptttagrya
PATTAGYRA
gullbjamun
gulabjamuun
Gulabjamun
aaasha
AAASHA
aasha
MEEHMAAN
MEHHMAAN
gulabjamun
gulabjjaumn
gulabbjamun
dossi
DOOSAI
odsai
dosaii
yaadein
Yaadeni
yadein
Musaam
Mausaam
mausam
gulabjamun
Gulbjammun
Gulabjamun
gluabjamuun
UMEED
Umeed
shhiv
Shiiv
shhiv
MEHMAAN
MEHMAAN
SAMOSA
samosa
SAAMOSA
Samosa
klakar
kalakar
klaakr
UMEED
uumeed
Umeed
pnaeer
Paneeer
paneer
samosa
Saamosa
samosa
SANSKAARN
snskaaarn
sanskaarnn
SAANSKAARN
CHHAIU
Chaiu
cchaiu
Ram
ram
ram
sannata
snnnata
sasnnata
paakora
pakroa
ppyari
Pyaari
PYAAARI
mnazil
nMzil
mnzill
SHHIV
Shhiv
shihv
biryanni
biryani
BIRYANI
Biryaain
umeeda
umeeeda
Umeed
ssapna
ssapna
spna
Dost
dostt
dost
Dostt
jalebi
jalebi
BHHAGWAN
Bhggwan
ddilee
DILEEE
DILEEE
DILEE
dosaa
dosa
Dossa
dosa
MATRA
mtar
bandegaia
bandegaia
BANDEGAIA
Sapnaii
spnai
kriishn
Krrishn
KRISHNA
krishnna
meehman
Memhan
MEHMAAN
MEHMAAN
smiitaa
asmitaa
SAMITAA
Asmitaa
spna
SSpna
NIRVANAN
iNirvna
nirvana
nirvana
BHAGGWAN
bhgwann
Bhaggwan
AAAMA
amaa
Bhkti
bhaktti
PPakora
aPkorra
pakora
pakora
pyara
Pyaaar
Chwal
chawal
Chawal
bhajana
bhaajana
Bhajnaa
MANZIL
mmanzil
Manziil
manzill
Prsad
prasad
Prasad
PRAASAD
Bandegaiaa
BANNDEGIAAA
Prem
PREM
prrem
DALL
dl
dll
Khushbooo
khushboo
khushboo
aaam
Aam
Aam
RAMM
aRmm
RAAMA
Rama
RAMA
PANEEREE
PANEEEREE
ppaneeree
paeneeree
durrga
DURGAG
PATTAGYRA
pattagyra
Ptttagyra
PATTAGGYRA
halwaee
Halawee
hlwaee
Bhkti
Bhkti
BHAKTI
bhkati
BHGAWAN
BHGAWAN
bhagwan
bhagwwan
PRASAAD
Prsda
prsaad
BHINDII
bhindi
bihndi
BHIINDI
ksnhn
KSHHAN
rotii
roti
rtoi
Musknn
muskann
savera
ssavera
savera
svaera
safar
SAAFAR
PREMMA
PRREMA
pprem
PREMMA
SANAJHI
saaanjhi
BBhakti
BHAKTI
PRASADAA
prasadaa
prasaddaa
guulabjamun
GULABJAUMN
Dl
dll
Rootiu
rotiu
Rotiu
Dharti
DHARTI
DHARRTI
banndegai
BANDEGGAI
badnegaii
Banndegai
roti
ROTI
ROOTI
ROTI
din
IDIN
Ladud
LADDUU
ALDDU
Halwaa
halwwa
poojaaa
POOJAAA
POOJA
pooja
mehmaan
mehmann
emhmaan
Dosas
Doosa
DDsoa
Nrivna
NIRVANA
NIRVVANA
khwaabb
Khwaab
Khwwaab
KKhwaab
Krishna
krisnha
KRISHNA
krishna
humsafaru
Humsfaaru
Humsaafaru
saverea
ssavera
Svera
saveera
humsafarn
husmfarnn
HUMSAFARN
humssafarn
KHWWAABAA
KHWAAABAA
spana
sapna
RRamaa
ramaa
RAMMAA
RRamaa
shnatia
SHAANTIA
SHHANTIA
deeshaa
ddeshaa
desaha
prernn
perrn
Prern
PPRERNA
RRam
raam
RAAM
rm
snskaar
SANSKAAR
Halwa
Halwwa
AHLWA
Hlwaa
bhjanu
Bhjanu
Ram
ram
rm
pattagyrra
patttagyra
Pattagyra
Prerna
prerna
prenra
Bhindi
BBHINDI
Bhidnii
Bhindi
SHAKTI
shtki
Shakti
Gulabjamun
gulabjamun
Jlaeebi
JALLEBI
jalebi
Jaleebi
shivaa
Shivaaa
shivaa
Sihvaa
ddil
DIIL
DDIL
dil
Dessh
DESH
DESH
virrsat
VIIRASAT
viirasat
sukooni
SSukooni
mausamu
MMUASAMU
umsamu
Mausamu
matarr
Mataar
Matar
matar
Sansskaar
SANSKAAR
SANSKAAR
humsafar
Humsaffar
hmusafar
saffar
Saafar
nirvana
niirvana
NIRVVANAU
NIRVANAU
Aaam
Aaam
aaam
AAAM
bhatura
Bhatura
bhjann
Bhaajan
BHAJAN
SSamosa
SAMOOSA
HAAWAI
hawai
HAWAI
MEHMANA
mehmaann
mehmaan
mehmana
din
dinn
hSanti
Shnti
shannti
Safarn
SSAFARN
krishna
KRISHNAA
Ram
RRam
RAAM
Rm
paneer
paneeer
simta
Amsita
ASMITA
ASMITA
Perm
prrem
PREM
pprme
bbhajan
Bhajan
BHAJJAN
aam
aam
HALWA
hallwa
KHWAAB
khwab
pyaar
PYAAR
hawa
hawa
MEHMAANN
Mehman
MEHMAAN
Mehman
Matrubhasha
MATRUBHASHA
MATRUBHASHA
mrtubhasha
khushboo
khushboo
KHUSHBOO
Khushboo
dost
Dosst
dost
Dost
manizl
Maanzil
maznill
AMNZIL
DOSA
dosaa
Dosa
Halwwa
hlwa
HHAWLA
HALWWA
smmita
asmita
Asmita
dhartti
Dharti
Parivaaar
PARIIVAAR
Parivaar
SSAPNA
SAPNNA
saapna
spnaa
PAANI
ppnai
Gannseha
GANESHHA
Gneshaa
Gnesha
niirvana
Nirvana
kshann
kshan
KSHAAN
kskhn
Aam
aam
aaam
Am
humssfra
humssafar
humsafaar
Hummsafar
ganeshaa
GANESHA
ganeshha
ganesha
sevraa
SAVERA
savera
savera
Lssi
LASSI
Lassi
Humsaafaraa
HHUMSAFARAA
Humsfaraaa
HUMSAFARAA
smosa
samosa
Chawal
chhawal
CHAAWLL
chawwal
bbhatura
bhtauura
Nirvana
nnirvana
nirvana
nirvana
DDAL
dal
NIRVANNA
Nirvana
nirvvana
nirvanna
MUSKAN
muuskan
Durgaii
Durgai
HAAWU
hwaauu
RRoshni
Roshnii
ROSHNII
ROSSNHI
bkhti
Bhakkti
bhkti
PAANIAA
Paniaa
Panniaa
Smoas
SAAMOSA
samosa
BHAKKTI
bhakkti
dosaa
Dossa
dosa
DSOA
Chawal
CChawal
Chawaal
ROTI
Roti
ROTI
rroti
ahwa
Hwa
BACHPANAA
bchppaana
bchpanaa
Bachpanaa
raaat
raatt
RAATT
bhhwgan
BHAGWAN
ddin
DIN
DDin
din
dil
dil
DIL
dil
Asmtia
AAsmita
asmiita
Muskan
muskan
Yaadeinu
Yadeinu
yaadeinnu
Samosaaaa
ssamosaaa
samsoaaaa
SAMOSAAA
RAMAAA
ramaa
RAAMA
rmaa
PREEM
Prem
prem
Premm
janaam
janam
poooja
POPOJA
POOJJA
pooj
bhajaan
bhajann
Khushii
khushiii
hhawa
HAWA
Hawa
prernaan
PRERNAN
prrernan
Prernan
mausam
mausamm
maussam
Mausam
SUKOONO
Sukoon
bnndhan
bandhan
bndhann
baandhan
raat
raatt
RAAAT
IDLI
IDLI
IDLI
idli
nirvanaii
NIRVANAI
Nrivanai
smita
ASMITA
Asmiita
IDLIU
idilu
idlliu
idliuu
CHAIEE
chhaiee
chaeiee
Humsfar
hhusmfar
humfsar
Shtki
shhakti
shkti
shaktti
bhkaktin
BHAAKTIN
bhaktin
zindagi
iznndagi
Shkkti
shatkti
Shakti
MAUSAM
MAUSAAM
mauusam
maasuam
bachpan
BAACHPAN
Bcahpan
MATRUBHASHAAA
Matrubhashaaa
mtrubhashaaa
mtrubhashaaa
Dsot
dost
Dsot
ddots
HHALWA
HHALWA
lHwaa
bachpaani
bacphani
bhtki
Bhkti
Yadeein
yaaadein
gulabjaamun
GGULABJAMUN
gulabjaamun
sannataa
sannata
sannata
dinee
DNINEE
DINEE
DINEE
mauusam
MMAUSAM
mausam
Pal
Pall
pall
PAL
idlia
dilia
HUMSAFAAR
humsfar
LADDU
lladdu
LADDDU
ldadu
ladduu
ldddu
ldudu
Saverra
saavera
Svera
nirvaana
Nirvana
NIRVANA
nirvanaa
Sappna
SAPAN
ssapna
mausamu
mauasmu
HUMSFAFAR
Humsafar
Humssfar
humsafar
pyaar
PYAAAR
mausam
mausam
asfar
safr
SAFAAR
Sfar
saanjh
Saanjh
saanhj
sanjh
Prernaaa
prernaa
Prernaaa
prernaaa
Rasgullai
rrasgullai
RASGULLAAI
Rasgullai
Prasda
PRASADD
praasd
nivrnaee
NIRVANAEEE
MAUSAAM
mauasm
saanjhh
sanjhh
Saanjhh
nGnesh
gaanesh
ladud
Lddu
Laddu
Lddu
prernai
prernni
prernai
prenri
BACHHPAN
BACHPAN
Samosa
samosa
samosa
ssmosa
durg
durg
Jleeibi
Jaelbii
JALEBII
SSWAREE
swaree
Swarree
shanntii
Shntii
paneeer
paneer
paneeer
PANEER
Jnam
JJANAM
janam
janam
deshee
deeshee
DEESHEE
SAFARAAA
SAFARRAA
saafraaa
safaraa
Din
DDin
Geet
gete
GEET
bhaturaee
bhaturaee
BHHATURAEE
bhturraee
HALWA
halwwa
halwwa
bachpan
bachppan
Aloo
laoo
aloo
looo
MATRUUBHASHA
Mtrubhassha
MATRUBHASHA
ddil
diil
Dil
dil
DDost
ddost
ddots
Dost
mehmaaan
mehaman
MHEMAAN
Mehmaann
RRam
rram
amai
aami
aami
Aaami
Umeeed
umeeed
Umeed
kalakkar
Kalakar
iidli
iddli
iddli
didli
paattagrya
PATTAGYYRA
PATTAAGYRA
PATTAGYRA
Kshanu
kshanu
PAKORA
pakkora
DIL
DiDl
Pyaara
PYAARA
Hwaeee
hawaee
Hwaee
hawaeee
roshnin
ROSHNIN
roshhnin
Diil
DIL
Dil
pallaa
Paalaa
PPLAAA
Paala
paaneeri
paneeeri
yaadein
Yaadein
Yaadein
llassiaa
lssiiaa
Roshhni
Roshnni
Roshhni
Khwaab
Khwaabb
LASSSI
LLassi
Lsasi
LASSI
UMEED
umeeed
UMMEED
mueeed
Bhgwann
Bhagwann
BHAGWANN
PPRERNA
PRERNA
prernna
rotti
roti
aam
AAM
aam
AAMA
PAL
paal
PAL
LADDU
lddu
mmusam
Musam
Musma
Preem
pprem
Prrem
pprem
Shakti
shakti
Shkti
Prernau
PRERNAUU
Prernau
PREERNAU
lssi
LLassi
lassii
SSANNATA
snnata
sannata
Pyaar
ppyaar
bhgwwan
bhagwan
bhagwan
bhagwan
DESHNN
Deshnn
deshn
Saannjhee
Saannjhee
Saanjhee
DALA
dl
MATRUUBHASHA
matrubhasha
DHARTI
Dharti
ppyara
pyar
pyaaar
PARRIVARA
PARIVAAR
PARIVAAR
Dinu
Dinu
dinnu
dinnu
Pyyaar
pyaar
PYAAAR
KHHWAAB
Khwaaab
KHWAAB
BHINDI
bihindi
Bhhindi
bhindi
am
AAM
Aam
Am
Dessh
desh
deesh
Dsehh
Prasadn
prsadn
prsaadn
prssadn
DHHARTI
Dharti
DDHARTI
Lasssi
lassi
lasssi
poooj
POOJA
Poojja
dinii
dinni
dini
Safaar
sfar
SAFARR
Din
diin
ddin
yaadeiin
yaadeinn
YAADDEIN
yaddein
krishnan
KRISHHNNA
krishnan
matar
matarr
mtar
baachpan
Bachpann
BACHPAN
panneera
PPANEERA
paneera
aPneera
janamm
JANAM
jaanam
janam
Sannnata
SANNAATA
abndegai
Bandeegai
yaadein
Yadein
yaadeiin
saanjh
sanjh
saanjh
saanjh
bhiindi
Bhindii
Bhinddi
Smmosa
SAMOSA
Samosa
Saanjh
Saanjh
savera
SSAEVRA
Savera
aloo
Alooo
loo
umeed
UMEDE
UMEEED
KRISSHNA
Krishn
Krisshna
SUKOONN
sukoon
sukoon
sukoon
gulabjamunni
GULABJAAMUNI
GULABJAMUNI
DDOSTA
doost
BHHATURAA
BHATURAAA
IDLIA
iddlia
pakorau
Pakorau
Pakoraau
shntii
SHANNTI
shnti
shnti
Svrea
sevrra
svear
PPRME
prem
prem
BIRYANI
Biryani
Kshan
Kshhan
bbhajanu
bhjanu
pkorai
PPAKORAI
PAKORRAI
paakorai
Doosa
DOOSA
Dsos
DDOSA
panni
pani
rkishhna
krisshna
HAAWA
HHAWA
rooti
rooti
RRoti
roti
Bhtki
bhkti
bahkti
RRASGULLA
raasgulla
Rsgullla
Bachpaan
bchpan
duruga
DURGA
DURGA
durga
Gulabjjamun
Gulabjaumn
LASSI
Lssi
lsssi
rosshniaa
roshniaa
Rsohni
Rosshni
RASGULLA
rasgullla
rassgulla
rsgulla
Samosa
Samosa
Saamosa
mSosa
NNirvaan
nnirvana
nirvana
nivrana
LADDU
laddu
Laddu
MUSAKN
muskn
Muksann
Lassi
slsi
lassi
Bhturaaa
Bhturaaa
ZINNDAGI
ZINDAGI
DAL
DDal
din
din
diin
SHAKKTI
hSkti
shakti
dosaa
Dsosaa
dosaa
doosa
hbindi
BHINDDI
Asmita
smita
AASMITA
ASMIITA
sanskaar
SANSKAAR
bhindi
bhinndi
Bhakti
Bhaktti
bhakti
dal
dll
DAL
Daal
Shiiv
shiv
SHIV
sshiv
Pakroai
PAKORAII
pkoraii
pakorai
BACHPAN
bachhpan
BCACHPAN
BACHPAN
maatar
MATAAR
mtar
MAATR
PREM
PPREM
PRME
prem
gnesh
Ganesh
papneera
PANEREA
Paneera
chwal
chawal
NIRVANA
nirvana
Nirvanna
spnaa
sanpa
spna
SAPNNA
PPl
PAAL
baandhan
bbandhan
bandhhan
badnhan
Bhatuura
Bhatura
Bhatura
BHATURA
Roshnia
roshniiaa
Roshnniaa
Roshnniaa
khushboo
kkhushboo
khuushboo
Roshni
roshni
Sapnan
Sapnan
SAPNAN
SAAPNAN
hlwau
hlwauu
sAmita
smitta
DESH
EDSSH
saanjjh
Saanjh
kshanu
KSHANU
ggeet
geeet
egeet
GGEET
Pall
PAL
geeet
geeet
Shiv
SIHV
SHIVV
shiv
pania
Paannia
Paania
paania
Yaadeien
yadein
Yaadeiin
YAADEEIN
SSAVERA
saverra
vSera
pal
pal
pal
Ildiaa
idliaa
Idilaa
Laddu
dldu
LDADDU
IDLI
dili
IDLLI
idli
Nirrvanan
inrvvnan
Nirvanan
Nrivanan
bandegai
Banddegai
banndegai
DDina
Diina
maanzlii
manzili
MANZILI
MMATAR
Matar
MUUKSANEE
MUSKANEE
muskanee
MUSKANEE
Khushbooo
Khushbboo
dhrrti
Dhrrti
shantia
shantai
SHANTIA
samoosa
SAMOSA
poojaaa
poojaa
SAAANHJ
SAANJHH
sanjh
saajnjh
Rotii
orti
BBhindi
bbhidni
BHINNDI
RAAT
RAATT
ladduu
LADDUDU
Lddu
lladdu
laddu
Ladddu
Prernai
Prernai
parivaari
PARIVAARI
pparivaari
laddu
ladud
chhaiee
CHHAIEE
Chiee
CHAIEE
HAWA
HAWA
muskn
muskan
dostee
dosteee
POOJA
ppooj
poojja
POOJA
saanhj
saanjhh
geet
GGeet
Geett
ASMITAAA
asmitaaaa
alloon
ALOON
ALLOON
biryani
biryni
ibrryani
humsafar
humsafar
uhmsfar
Jalebi
JALEIB
chawal
Chwal
Chawal
CAHWAL
Paal
PAL
Pl
DURGAA
durga
DURGAA
roti
Roti
SHAKTI
shakkti
shakti
Shkti
Chawal
chwwal
maausma
MAUSAAM
mausaam
mehmaaani
Mehmaani
smosa
Samosa
biryninn
BIRYANNIN
BIRYYANIN
aashai
AASHAI
ashai
aashaai
DILEE
DIELE
dilee
Dilee
Raatt
RAAT
raaat
Virsat
VIRSAAT
yaaadein
yaadein
PPAL
papl
pl
pl
safar
Saffar
Payar
pyaar
PYAAR
parivaar
PARIVAAR
pparivaar
mtrubhasha
mtrubbhasha
matrubhasha
Shakkti
shkti
shakti
duurg
dugr
ddruga
duurga
DIN
din
Diin
LASSII
Lassii
Lassii
geett
Geett
saanjh
saanjh
AAahsa
Asha
AASAH
bhkati
bhakti
Bhatki
deshh
DESSH
deesh
Dehs
Prern
PRERNA
prerrna
pattagyraa
Pattagyraaa
Pttagyraa
swarr
Swar
Durrgai
DURRGAI
Durgii
eMhmaan
MEHMAAN
Mhemaan
mehhmaan
aaama
aama
JANAM
Jaanam
janam
alolo
Aloo
LADDU
Laddu
LADUD
LAADDU
Durga
ddurga
durga
Dugrg
AAAM
Aaam
aaam
rsglula
rasgulla
rgsulla
eGet
geeet
geeet
eget
Kshnaaa
Kshhnaa
Kshanaa
SANNATA
Sannataa
Snnata
Sanntaa
khushboo
khusbhoo
khushbooo
paniiu
Paniuu
paaniu
paanui
DIILU
dilu
Diluu
Shanti
SHHANTI
Shnti
SHAATNI
lassi
LASSI
laassi
Lassi
khwab
khwaab
dill
Dil
idli
Iddli
Iddli
nirvana
Nirvna
PAL
papl
PAL
dos
dooas
MANZILL
MMANZIL
MAANZIL
Mnzil
GEET
geet
Geeet
sanskaara
sanskaara
premm
rPemm
premm
nirrvana
Nirvanaa
Nirvvana
parivaaar
Parivaar
parivaarr
parivaar
huumsafaru
HUMASFARU
HUMSFAFARU
HUMSAAFARU
assmitan
asmitna
asmittan
SShakti
shkti
hawa
hhwa
hhawa
hwaa
hawaaa
Hawaa
Hawaa
fSarr
ssafar
Dinn
Din
din
viraasat
Virrasat
VIRASATT
virsat
fSaar
saffar
safar
mmanzila
MANZILA
manzila
Manzila
Ganeshi
GANESHI
ganeshi
paanniee
paaniee
poojaaa
poojaaa
ram
RRAM
Ram
rmm
pattaggyraaa
pattatgyraaa
pttaggyraaa
pattagyraaa
Sukoon
suukoona
Sukoona
sukooona
Aami
aaami
Aammi
shanti
sshnti
shnti
shhanti
niirvnaa
Nirvanaa
nirvvaana
nirvnaa
durrg
durgg
saamosau
samsoau
samosau
samosau
manziln
manzziln
MANZIILN
Manziln
PANNEER
PPANEER
MEEHMAAN
mehmann
pani
pani
Gete
ggeet
geeet
roshni
rroshni
ROSHNI
Bhagwan
bhgawan
bhagwan
Bhaggwan
desha
ddeshaa
Deshaa
BHAGWAN
BHAGWWAN
Bhagwan
BHAGWAN
MMehmana
memhaan
ZINDAGI
Zindgi
Zindgi
zidngi
SAANJH
SAANJHH
spnaaa
spnpaaa
SSapnaaa
swar
swr
sswar
swr
dili
idli
idlii
krishnn
krishna
kkrishn
snskaarr
sanskaar
SANSKAAR
Sanskaar
Roshni
orshnni
poojaa
OPOJAAA
paneerr
PANEER
PAENER
rosshni
roshni
DDost
dsott
DOST
doost
ddal
Dal
dl
dal
bandhhan
bandhan
nBdhan
bandhan
biiryni
Biryani
BIRYANNI
MANZIIL
maznil
maanzil
mnzil
yaaadein
Yaadein
Yaaddein
yaadeein
Durgau
Durgau
durgau
durggu
Nirvana
nirvna
NiNrvna
Nirvanaa
paani
paani
SAAVERA
savera
asavera
Khushi
KHSUHI
khhsuhi
KHUSHII
ram
Ram
ram
Ram
GANEESH
GANESH
Gannesh
ganesh
POOJA
ppooja
pooja
bnadhani
bndhhani
BANDHHANI
BANDHHAIN
aLaddu
ladddu
Laddu
laaddu
Saanjh
SANAJH
sannata
sannata
SANNNATA
snnata
Assha
Aasha
UMEEED
ummeed
umeedd
umeedd
Bhindiia
Bhindi
Bhindi
BHINDIIA
lassii
LASSI
laassi
lasssi
BBACHPAN
bahcpan
BBACHPAN
BACHPAN
Rotia
ROITA
BIRYANI
biryaani
BIRYANNI
Biiryani
SUKOON
sukoon
ssukoon
Sukoon
SUKOONN
SUKOONN
sukooonn
Prasaede
Prssadee
prsadee
manzila
aMnzilaa
MANZILLA
Manzila
sapnna
spnaa
sapna
SAPNAA
SWWAREE
Swaree
NIRVANAA
nirvana
musakn
Muskaan
musskan
muskaan
BIRYANI
Biryyni
CAHIAA
CHAIIA
chaiai
Prern
PERRNA
Jalebi
jjalebi
Chai
chhai
cchi
hCaai
Dosa
ddsoa
dosa
durg
uDrgga
durga
durg
roshni
ROOSHNI
Roshni
rooshni
ddhtri
dharti
DHAARTI
prem
prrem
Premm
PREM
SWWAR
Swar
Prssadi
Prsadi
adalaa
dalaaa
DALAA
DALAAA
sannaata
SANNATA
sannatta
asnnnata
saanjh
ssaanjh
Preerna
Prern
diin
dini
diin
DIIN
MMAUSAM
mauusam
mausam
dots
DDost
DOOST
ddil
Dil
Diil
asmita
Asmit
rrasgulla
RASGULULA
rsguulla
ssaanjh
saajnh
Saanjh
JANAM
Janam
KALAKARREE
Kalaakaree
Manziil
maanzil
manzil
MANIZLL
Prasaadi
Parsaadi
bandhan
bndhaan
bnadhhan
sapnna
SAPNA
saapna
Sapnaa
Umeed
uumeed
humsafar
humsafaar
humsafarr
HUMSAFARR
POOJANN
poojan
Poojjan
Poojann
pl
PAL
Pal
ppal
Gulabjamunn
gulabjamun
GEET
Geet
geet
MMnzil
mnzil
mnzil
MANZIL
paaniaa
paaaniaa
sfarr
sfar
safaru
SAFARU
Manzzli
manziil
mmanzil
pyaar
Pyaar
smitaa
AAsmita
aasmitaa
baachpan
bchpan
Bchppan
Bchpan
DDAL
DALL
Dal
DAL
Sannata
SANNNATA
snnata
prerna
prerna
KHUSHI
Khushi
loou
ALOOU
LAOOUU
bnadegai
Banndegai
DALU
DDlu
khushi
KKhushi
khushi
khushi
shakti
Shktii
DIL
dil
BHINDI
BHINID
bhiindi
Sapan
spna
sapnaa
Mausama
mausama
mausama
kkhwaab
KHWAAB
Khwaab
KHWAABB
Shnti
shanti
Roshnia
Roshnnia
RRoshnia
bhtuar
BBHATURA
dosstee
Dostee
Dosstee
IDLIA
idli
idilia
IDLIIA
paarivaar
parivaar
PARIVAAR
PARIVAAAR
matar
aMatar
Umeeedee
UMEEDEE
Umeedee
UMEEDDEE
DIIN
DIN
diin
desh
ddesh
EDSH
NIRVANA
nirvna
niirvna
Nirvanaa
prrernan
prernaan
prernan
Prernan
bchpan
bchpan
bchpan
PAKORRA
PAKORAA
pkora
pakora
praasadn
prassadn
prsadn
prsadn
PREEM
RPEM
bhhindiu
bhinddiu
BBhindiu
hawwa
hawa
hawa
LASSIEEE
lsisee
Sapan
sappna
Sapna
kkhushbooaa
khushbooa
GANESHAA
ganeshaa
Gneshaa
Pall
apll
pall
RRaat
rraat
Rat
krishna
krrishn
Lasssi
lassi
humsfar
HHumsafar
HUMSAFAR
aydein
yaaedin
Saanjhee
SAANJHHEE
SAAANJHEE
Lasssi
Lasssi
Lassii
prernaa
prernaa
PRRERNAA
Prernaa
Nirrvana
Nirvanna
SWARRAA
swraa
swaraa
ppattagyra
PATTAGGYRA
ppttagyra
Pattaagyra
Humasfar
humsafar
HUMSSAFAR
Humsafar
mausamu
mausamuu
Musammu
amusamu
aam
Aam
AAM
aama
Kshhan
kshan
KSSHAN
SSAANJHU
Saanjjhu
SAAANJHU
saaanjhu
biryaani
biryani
pyaar
PYARAR
Pyarr
spna
Sapna
Sapna
kkhushin
Khushin
KHUSHIN
Pooja
POOJA
Pooj
bhaturaaa
BHATURAAA
BHATURAAA
DDal
ddal
Matrubhasah
matrubhasha
MATRUBHASHAA
chaiaaa
chaiaa
chaiaa
CHHAIAA
Asimta
Asmita
AAMSITA
asmmita
bhjanaaa
BHJAANAA
HBAJANAA
bhajanaa
RPERNA
prenra
RASGULLA
RASGULLA
RAGSULLAA
RASGULLA
muskan
mmuskn
msukkan
Muskan
chainn
CCHIAN
Roshni
rosshni
roshni
ROSHNI
palaa
Pala
durg
DUURGA
DUURGA
Sukkoon
sukoon
prem
PREEM
Prrme
Preem
SHIV
Shiv
Samosaaee
SSamosaee
ladduuee
LADDUEE
LADDDEUE
ladduee
lassi
lassi
lassi
DOSAEE
Dosaeee
dsoeee
hsiv
SIHV
SHIV
dost
dost
pprasad
Prasad
aamu
AAMU
AAMMU
aamuu
lladdu
lddu
Laaddu
bhktiiu
BBhktiu
Bhktiu
Bhjan
bhjan
kalaakar
klaakar
rasgulalu
Rsgulllau
rasgulllau
Rasgullaau
Preerna
prernna
odost
Dosst
swsar
swwar
SWAR
chwwalaa
chawalaa
Gulabjamun
GGLUABJAMUN
Gulajbamun
Gulabjamun
CHAI
CHAI
cchai
CHHAI
durgaaaa
durgaa
ivrasat
virasaat
Virasta
virsat
KHWAABB
Khwaab
Khwaab
bbhajan
BHAJJAN
bhjjan
bhajan
Jaleebi
Jalbei
JALEBBI
ddharti
dhrati
mmatar
maatar
BACHPPANI
BACHPANI
bachpani
BACPHANNI
RAASUGLLA
rasgulla
rsgulla
Lssi
LASSSI
lssi
Lassi
Din
diin
din
DIIN
ODSTA
dostaa
DODSTA
yaadeiin
Yadeiin
Prasadu
PRRASADU
praasdau
pprasadu
HAWAAA
Hawwaa
hawaaa
MAUSAM
maausam
baachpan
bachpaan
Bcchpan
bchpann
Pani
PAANI
paaani
Shktiaa
shaktiaa
shaktiaa
Ladddu
LADUD
Bhagwan
bhagwan
geeet
geett
ggeet
SAPNA
SSAPNA
JaJlebi
JALEBII
eGet
GGEET
geett
ggeet
khwaaab
khwaaab
Geeeti
GEEETI
Geeti
RMAM
ram
RAAT
Rat
raat
SUKOONN
sukoonn
Sukooonn
sukoonn
Bhatura
bhatura
Bhattura
BHATUURA
chhai
chhi
chai
Chaii
Bhagwna
BHGAWAAN
bhgwan
Bhagwan
KSHANN
KKSHAN
kshaan
KSHAAN
pooja
poooja
pooj
snkskaar
sanskkaar
Sanskkaar
dall
DAL
DALL
janaama
jjnamaa
jannmaaa
smosaaa
SAMOSAAAA
Saamosaaa
samoosaaa
IDLI
IIdli
idli
idli
bhatuurai
bhturai
NIRVANAA
nirvana
NIRVANA
Prasd
prasad
Smosa
Smosa
khushin
khsuhhin
Khhushin
khushin
Sukoooni
Sukoonii
Sukooni
Biryyni
biryani
birrnyi
Zinddgi
Ziindagi
Zindagi
zindagii
BBhakti
Bhakti
Bhakati
BHAKTTI
pal
Pl
zindaagi
zindaagi
zindagii
Dill
dill
dil
diil
POOOJA
POOJA
saffar
safaar
Aasha
aashaa
Aashha
prem
PREM
Prem
Prrem
SHSIV
shiv
SHVI
shiv
hlwaee
HALWAEEE
HALWAAEE
halwa
Hlwa
hlawa
hawla
khushbooo
kkhushboo
Bhhakti
Bhakti
mmatrubhasha
matrubhsaha
MATRUBHASHA
MTARUBHASHA
GANESH
GANEEHS
GAANESH
SAANNJH
sajnh
bhbindi
BHINDI
bhindi
aloo
loo
ALLOO
Alooo
samosai
sammosai
khushhi
khushi
kkhushi
Khhushi
bhatura
bhatura
BHATURRA
BBHATURA
Zindagiu
ZINDAGIIU
Sannata
Sannata
asnnata
Snnata
SFAAR
ssafar
SHIV
sshiv
SHIV
SSHIV
sannata
Snnanta
parivaarn
parivaarn
parrivaarn
matr
MATAAR
mtar
NIRVANA
nirvna
bhakti
BHAKTI
BHHAKTI
RASGULLA
Rsguulla
RAGSGULLA
roshnii
Roshnii
orshniii
roshnii
hKushi
khushi
KHUSHII
KHUSHHI
Pl
Paal
pal
PPAL
Pal
BACPHAN
Bachpan
zindgi
Ziindagi
ZIINDAGI
zizndagi
aashaa
AASHAAA
aasaha
bchpan
bachpann
Sannata
sannataa
chawali
chawaali
Chaawail
DAL
DAL
DAAL
Dal
dots
Dots
DOOST
MAATAR
amtar
chawal
CHAWAL
CHAWALL
Khushbooa
khusbhoooaa
zindagi
ziindgi
zzindagi
Zindagi
Khushi
khushi
RAATT
ratt
RAAT
araat
ratn
raaatn
RAATN
RAATNN
Bhaktii
Bhaktii
SSUKOON
SUKOONN
ROTI
roit
Spna
Sappna
sapna
Saapna
KHHWAABN
hkwaabn
DHARTI
dharti
dhrti
DHARTTI
sfar
safarr
Saafr
sfar
Snnataa
nsnnata
Klakarr
Kalakar
kalakar
Klakar
hawaee
HAWAEE
ivrasata
virsata
virsata
virasataa
krishna
krisshna
rkishnna
Krishnaa
dost
dost
Din
DINN
Din
bhaajan
Bhjjan
sanjjh
saanjh
SAANAJH
Snajh
SAMITTA
asmita
skhtii
Shakti
Aam
Aam
am
bacphan
bhcpan
muskan
muskan
durgga
duurga
Pkora
PAKORA
LADDU
laddu
LAADDU
LAADDU
sshakti
shkti
hSakti
pattagyra
patttagyra
Safareee
Sfaree
Saffaree
sfareee
Raat
Raat
hawau
whwau
hwua
Roti
rotii
roti
roit
prerna
PRERNA
Perrna
PRERNA
svera
svera
Savera
durgg
Durga
durga
Kshaan
KSHANN
KKshn
Kshan
rasgullla
Rasggulla
rsgulla
hBgwan
bhagwaan
bbhagwan
znidagii
zindggi
zindagi
zindaggi
ZINDAGGI
Zinddagi
zindgi
Zindaagi
ORTI
RROTI
orti
pttagyra
PPattagyra
ppattaygra
pttagyra
Musammi
Mausami
muasami
Mausammi
rooti
rotii
GEETNN
geetn
GEETN
Geetn
Ram
RAM
RAAM
HAWWA
Hawaa
hhawa
HHawa
Desh
dseh
paannia
PAANIIA
paaania
paania
aloo
Alloo
HUUMSAFARA
humsafaraa
Humsafara
Bhindi
bhindii
Bhiindi
BHINDI
SHIIV
Shivv
Shiiv
shhaktiu
sshaktiu
SHAKTIU
bnddhan
bandhan
BANDHAN
bandhaan
Ldadu
laaddu
dhrtii
DDHARTI
hdaarti
kshaneee
Kshaene
Kshhanee
PPAANI
Paanni
Pal
paal
pal
pal
Zindagi
zindgii
zinadgi
ZINDAGII
umskanuu
muskkanu
Muskanu
idlii
ildi
idli
Idlli
bandegaai
banddegai
BANDDEGAI
durgaa
durg
DURGA
dhrit
Dharti
KHWAAAB
khwwaab
KWHAAB
bbiryni
Biryani
biryaain
SSUKOONA
sukoon
BACHHPAN
bachpan
PYYAAR
Pyyaar
matrubbhasha
matrubhasha
matrubhashaa
rsgulal
rasguulla
rasgulla
Jaanama
JJanama
JANAMAA
Jaanama
ajlebi
jalebi
JALEBBI
jaalebi
rPssad
prsaad
KSSHAN
Kshhan
kshan
Sannataa
snnnata
snnata
swaar
SAWR
wswr
virsat
VRIRASAT
visrat
JJlebi
jallebi
humsaafra
Humsafar
swarr
swwar
raatee
Raaatee
dil
DDil
ddil
Aassha
aasha
AASHA
assha
hbagwan
BHAGWAN
pyyaar
PYAAAR
pyaar
payar
NRIVANNA
niirvna
nirvana
KHWAAB
Khwab
khwabb
khwaaab
bhaturaa
bhaturaa
BANDEGAI
Bnddegai
BANDEGGAI
APTTAGYRA
PATTAGYRA
SUKOON
SUKKOON
SUKOON
SUKKOON
manzilee
MANZILEE
maanzilee
MAANZILEE
din
diin
din
din
jallebi
Jalebi
Jalebi
nirvnau
Nirvvanau
nirvnaau
Nirnvau
pakora
pkora
Pakoraa
BBHINDI
BHINDI
BHINDI
dsos
ddosa
BHATURRA
BHATRUAA
Sapna
aspna
SHAKTI
shakti
shaktii
Shakti
sukoonn
uskoonn
Sukkoon
sukoon
manzila
manzzila
manzila
mturbhassha
matrubhahsa
Dhartui
dhartiiu
DAHRTIU
Dhratiu
doosan
dossn
dosan
Din
din
saanhj
sanjh
saannjh
saannjh
khwaabii
Khwabi
DEESH
DESH
desh
Dessh
Saveera
savera
SAVVERA
vserra
Roshni
roshni
ROSHNII
kkshn
KSHAN
sfar
SAFAAR
SAAFAR
Aam
aam
Hawwa
Hawa
bhaagwan
Bhgwann
bhagwan
bhaagwan
prern
PRERRNA
prern
prern
eget
EGET
GEET
GEEET
musamm
maauasm
musam
klakar
kallakar
Kalakar
Matrubhassha
Matrubhasha
matrubhasha
sswar
Swawr
Swarr
SWAR
bandegai
bandegai
Diil
dill
diil
Rooti
ROTI
rotii
RRAAT
Rat
gulabjamunaa
gulabjamunaa
swaar
SSWAR
SWAR
swarr
DHHARTIEE
Dhartiee
dhartiee
ddiln
diln
dinl
AMAM
Am
aam
raat
RRAAT
Raaat
bhakkti
bhhakti
bhakti
Bhkkti
sukoon
sukooon
sukoon
suokon
Durgaa
durga
pal
PAL
paal
PAL
SSaanjh
Saanjh
saaanjh
SAANJH
lasssi
Lssii
Manzil
nMzil
MANZIL
MANZIL
Dossta
dossta
DOSTA
Pyaar
PPYAAR
RROTI
ROTIT
Rosshni
roshnni
rooti
orti
SSapna
spnaa
Kshan
Kshaan
KHSAN
ssavera
svear
SAEVRRA
khsushi
Khhushi
kuhshi
khushi
khushhiaa
KHUSHIAA
khusiha
DURGA
durg
durg
DURGGA
Geet
gete
geget
ragsullla
rsguulla
RASGULLA
ragsulla
privaaraa
privaaraaa
paarivaaraa
ddal
Dal
PPrerna
Preern
PRERNA
Mataara
mtara
mmtara
MATARA
virsat
VIRSAAT
AAHSA
AASHHA
AASHA
Aashha
Bhagwanu
bhgawanu
Bhagwanu
gganesh
ganeesh
Gnessh
ganesh
Shaktii
shakti
shakti
Zindagiu
Zindagiu
zindagiu
BBhindi
BHIINDI
pprema
prema
Dil
dil
didl
mehmman
mehmaan
mmheman
MEHMHAAN
aam
aaam
aam
aam
Alolo
Alloo
ALOO
hSivv
shhiv
shiiv
aasha
aahsha
AAASHA
aasha
dseh
desh
bbhajann
BBHAJANN
bhajann
bhajann
PRASAD
prasad
humsaafar
hummsafar
Humsafar
HHawa
hawa
hawa
Hawa
ddugr
duurga
DURGA
durgg
bndhann
BAANDHAN
BANDHAN
bandhan
HCAII
Chaii
chii
LLassia
lssia
lssiia
lssia
rasgullla
Rsgullaa
KHUSHBOO
Khusshboo
KHUSHBOO
KHUSHBOO
nrivana
nirvaana
nirvanna
nirvaana
raat
RAAT
GULABJAMUNN
uGlabjamunn
GULBABJAMUNN
Khusshia
KHUUSHIA
khusshi
KHUSHIAA
CChawaln
CHHAWALN
Chawaaln
pattagyran
pattaggyarn
PPrerna
Prernaa
Sanskaaar
sanskaarr
Sanskaar
Bhjana
bhjanaa
Raatt
RAAT
SHANTIU
shantiu
shhntiu
SHANNTIU
bhiindi
Bhindi
klakar
Kalaakar
kkalakar
KALAAKAR
mtrrubhashia
mtrubhasahi
shiv
SHIVV
SHHIV
SHIIV
SAANHJ
saanjh
sanjh
Matrubhaasha
mattrubhasha
SUKOOON
sukoonn
Sukoonn
ZINNDAGI
ZINDAGI
Yaadein
Yaadein
Krishnaa
Krishn
chaiaaa
CChaiaa
CHAIAA
chaiaa
rssgulla
Rgsuulla
rasguulla
Bhinddi
bihndi
Saafrr
saafrr
Saafar
saafar
BIRYNAI
birryani
UUmeed
UMEEDD
pal
ppl
plal
JJANAMA
janama
janama
JANAMA
PARIVAAR
Privaar
Parivaar
BHHAJAN
Bhajan
bhjjan
BBHAJAN
Kriishn
Krisshna
krishhn
jalebi
JALEBI
jlebi
jallebi
LADUD
laddu
lddu
ladddu
BHINDI
Bhindi
BHINDI
bhinndi
halwa
hllwa
HALWA
mausami
Mausaami
mausami
pprernaa
prernaa
birynii
biryni
Biryani
gulbjjamuna
gulbjamuna
gulabbjamuna
gulabjamuna
dill
diil
dill
rsgulla
arsgulla
rgsulla
rsgullaa
PANEERI
pneeri
PAPNEERI
Privaar
Privvaar
parivaaar
parrivaar
SHAKTIU
SHAKTIU
Shaktiu
shktiu
BHAAJAN
bjhan
bhajan
bhajan
Zinddgiu
Ziindagiu
Zindgiu
zindagiu
svaeerai
Svaerai
saveraii
shhiv
Shiv
rpeem
Preem
PREME
hwau
hwauu
hawaau
desh
eDsh
deseh
eDssh
dill
DIL
Dil
mhemaani
Mehmaanni
Mehmaani
mehmaan
mhemaan
mehmaan
HAWA
HWAA
HAHWA
prasadu
PRASSADU
hlwa
halwa
ajnnam
Jnam
JJanam
janam
Asmitaee
SAMITAEE
Laassi
LASSI
Pakoora
pkora
pakoraa
Pkorra
pkora
pakora
pakora
paanni
APANI
Paani
MUSKANAA
MMusknaa
DOSTU
dostu
amnzil
Manzil
GEETNN
ggeetn
Geten
rotti
Roti
rooti
roti
bachpan
Bacchpan
Bandegai
bandegai
BANDEAGI
GGeet
GEEET
GEET
eGett
Pttagyra
Pattagyra
pattagyra
paattagyra
saafar
SAFAR
PREM
prem
sanskaar
sanskaaar
Snskaaar
Nirrvanaaa
nirvanaaaa
nirvnaaa
NIRRVANAAA
Bandhan
bbandhan
baandhna
bhagwan
bhawgan
Bhgwan
dina
DINAA
dinaa
JANAMU
Janaamu
janamu
Jnamu
Idli
iddil
IIDLI
IDLI
mausaam
mussam
mmausam
KALAKAARA
klakara
chhi
CHIA
CHHAI
asha
aahsaa
ashha
Nirvnaa
nirvana
Ganessh
ganesh
GANEESH
ganessh
gulabjamuni
GULABJAMMUNI
Gulbjamuni
alooo
AAloo
lloo
Birryni
biryani
biryani
birryni
SAANJHNN
saannjhn
Sanjhn
SAANJHN
DESH
EDSH
Deesh
aaahsa
aasha
AASSHA
Paanin
paaniin
PAANINN
Shiiv
SHIV
shivv
NIRVANNAEE
nirvanaee
Nirvanaee
aMnnzil
maznil
prerna
preerna
prernaa
khwaab
khwaab
khwaaab
Khwba
krisnha
krrishn
KRISSHNA
krihsna
ziingdi
zizndagi
zindagi
PPttagyraee
PPATTAGYRAEE
Pattaggyraee
pattagyraee
hawa
HAWWA
Bhjjan
Bhjaan
Bhajan
bhajaan
RAATT
Raat
sapnna
SAPNA
sapnaa
SAPNA
nirrvna
Nirvanaa
nnivrana
NIRVANA
manzzil
Mannzil
MAANIZL
Mnzil
swr
SWWAR
YAADIEN
yaadein
yaaadein
yaadein
MEEHMAAN
MEHMANA
khushboo
khuhsboo
prern
rpernna
prernna
prernna
Prenraa
PRERNNA
gneesh
gaensh
Ganessh
GANESHH
kkalakaraa
kalakaraa
SSANSKAAR
sanskaar
sanskaara
snskaaar
klaakar
Klakar
swar
swr
swaar
huumsafara
humsafarra
humsaafra
MEHMAAN
mehmaan
MMEHMAAN
KHUSHBOO
Khushboo
muskn
muskan
Muskaan
Muskan
khushi
Khushii
khushi
Khushi
AAASHAN
AASHAN
Aashan
aashan
pakoar
pakora
pakora
musamn
MAUSAMMN
rooti
roti
roti
ROTI
GANESH
gaanesh
ganessh
Dotst
DDOST
ddost
DOOST
Rotii
RROTI
shivaa
shivaa
NIRVANA
nirvana
nirvana
niirvnaa
MATRUBHASHA
mtrubhaasha
Roshnni
Roshni
ROSHNI
Dinn
DDin
Din
DDin
prem
PREM
pprem
lassi
LASSI
lassi
LASSI
pparivaar
PARIVAAR
pairvaar
krishnau
krishnnau
krishnau
HCAWAL
Chawal
bhagwani
Bhgwwani
bhgwanni
Bhgwani
pparivaar
Parrivaar
pariivaar
PARIVAARR
PARIVAAARA
parivaara
PARVIAARA
PARRIVAARA
bhindni
BBHIDNIN
bhindin
BBhajan
bhajjan
bhajan
KWHAAB
khwaab
KKHWAAB
kkhwaab
Gulabajmuunee
gullbjamunee
cchai
CHAI
chaai
Chai
bachapnu
bachpanu
DDal
dal
humasfar
humsfar
Humsafar
SASNSKAAR
snskaaar
SAANSKAAR
sanskaar
DDost
dost
dost
CHHIA
CHAI
Chaai
ddal
DAL
Dal
Poojan
Poojjn
poojan
pooojan
rsggulla
rasgulla
RASGULLLA
Rasggulla
Zindagia
zindagiaa
mnziln
manzilln
manziiln
mannziln
ziidngi
izndagi
Zindig
izndagi
swarr
SWAR
Swar
dosst
dost
dost
ODSTT
Daln
ddaln
DAALN
Dharti
DHARTI
Dhartti
deshaa
desshaa
BANDEGAI
Bandegaii
CAHWAL
CHAWLA
AAAHSA
asha
AASHA
chih
chai
chi
Chai
aaam
AAam
Aashan
aashann
aashan
RAMNN
Rammn
Raat
aRaat
Ratt
Ratt
SSAPNA
Spna
pyara
pyaar
KRISSHNA
Krissnh
Krishn
KRISHNAA
diil
Dill
manziil
manzil
hBkktiu
BHAKTIIU
Bhaktiuu
bhktiu
aam
amm
aaam
KHUSHI
KHUSHI
khhusih
KKUHSHI
NIRVANAA
niirvana
mmaznil
Manzil
Humsafaree
Humsfaree
HUMSAFAREE
Am
aam
aam
prrasad
Prasad
Prsda
ddurga
Durga
Durga
Diila
dil
dila
Dlia
Jalebii
jalebii
ajlebi
JALEBII
rkishn
kriishna
Krishna
Krishnna
Poojaaa
poojaa
poojaaa
DAL
DALL
Dal
hhwaa
HAWWA
Hawa
ALOOON
ALOON
ALOON
aloon
halwwa
Hlawa
hahlwa
shanti
Shhnti
swr
SWAR
Swra
AAAMU
aamu
aamu
Chawal
CHAWAL
Chawwal
Chwal
DOST
dosst
doost
dost
bachpan
bacchpan
Bachpaan
SUKOKON
Sukoon
ppaneer
PNAEEER
sswar
Swr
panin
paniin
PPANAIN
HHalwa
HALWA
Halwa
SHIIV
Shiviv
SHIVI
shivi
Bhindi
bhindi
Bhhindi
bhiindi
saveraan
sverran
SAVVERAN
yaadein
yaadein
Yaadein
HBINDI
BHIINDI
DILAA
dilaa
dliaaa
dilaaa
ssmosau
smsosau
ASMTIA
Asmitaa
asmita
Ganesh
ganesh
izndgi
zindaggi
ZINDAGGI
chaawal
Chwal
chawall
Banddegaii
bndeegaii
BANDEGAII
IDLII
IDLI
zinndagi
Zindgai
ZINDAGII
MUSKAN
MUSKAAN
sshiv
Sihiv
YAADEIN
AYAADEIN
Yaaedein
Mausamm
mausam
rramee
Ramee
armee
memhaan
mehaman
mehmaan
mehmaan
Swaar
sswr
roti
oRti
yaadein
yadein
MAUSAM
Mausam
MAUSAM
masuam
gulbajmun
Gulabjamun
gulabjaamun
gulbbjamun
halwwa
hhlwa
Rat
RRaat
halwaa
halwa
HALWA
LADDU
Laaddu
Ladddu
Aam
aam
Krishn
krishna
krisnha
KRSIHNA
raat
raat
raaat
Ladddu
Laddu
khwaabbu
Khwabuu
kkhwabu
rroshni
ROSHNII
roshni
CHHAIN
Chaiin
bhagwann
BBhagwan
Bhaktki
BHAKTTI
Bhatki
suokonee
suokoonee
GULABJAMMUNEE
GGULABJAMUNEE
Nirvanaa
Nirvanna
nirrvana
paanii
Paanii
Paanii
AHLWAA
HALWA
halwa
Bandegai
bndegai
bandegai
musamm
Maausam
umsam
pakoora
PPakora
PAKORA
Pakora
Sfaaraa
saffaraa
safarraa
Saafraa
aam
AAAM
Khushboo
Khushbboo
khushboo
Shivv
SHIV
krrishna
KKrishna
muksanee
Musknee
DOSTU
DOSSTU
dosstu
DSOTUU
RASGULLAA
rsgglulaa
Rsgullaa
bbiryni
birryani
BIRYANII
khushboouu
khuushboou
KHUSHBOOOU
sukooona
Sukoonnaa
dal
dal
dl
Dal
Virsaat
viirsat
Virrsat
IDDLI
IDLI
Idli
Iddli
bandhann
bbandhan
BANNDAHN
BHAKTI
BHAKTI
bbhakti
Bhktii
PRAASDAA
PRASADAA
PRASADAA
HALWAUU
halwau
halwua
ahlwau
prassad
prsaaad
Prasad
gulabjammuna
Gluabjamuna
GULABJAMUNA
gulabjamunaa
dili
DILI
Ramm
Ram
RAM
SANPAU
SAPNAU
Bcchpan
BACPHAN
SAVVERA
SAVVEAR
SAVERAA
Svera
geet
Geet
Geet
Geeet
hawa
Hwa
khhwabi
Khwaaabi
khwwabi
hKwaabbi
KHUSHBOOO
kkhushboo
hKushhboo
aam
AAM
am
paania
paania
samosa
samosa
Samossa
Smosa
Mtrubhahsann
Matrubhashna
idlii
Idli
khusbhoo
Kuhshbboo
raatee
RRAATEE
RATAEE
snnaatan
SANNTATAN
duurga
durrga
DURAG
dil
DDIL
dil
din
Din
PALL
Pl
Pall
deesh
DESHH
ddesh
desh
privaar
parivaar
Mehmaaan
Mehmaaan
rram
Ram
NIVRANA
nirvana
NIRVANA
bhajanee
Bhjaanee
BHHAJANEE
BHAJANEE
Bhgwwani
Bhgwanni
bhagwani
Bhgwani
geeti
geeeti
Psrad
Prasad
BHAAJN
BHAJAAN
bhajan
Bhjan
Prasad
Prasaad
Psrad
prsad
snnataee
sannataee
Savera
Savera
saverra
ddosa
dosaa
ODSA
dos
bhagwan
bhagwan
bhagwan
Bhgwan
panani
ppani
Khwaab
KHWAAB
DESHH
DESSH
ddesh
Deesh
Din
Dinn
ddin
dinn
shakti
Skhti
Shkti
SHAKTI
ummeed
umede
uumeed
lAoo
Aloo
Rohsni
Rohsni
ziindagi
ZINDAGII
Zinddgi
zindaig
khushhi
khushii
KKHUSHI
khushi
Prsad
Praasad
RPASAD
Prasad
briyni
bbiryani
biryni
biryani
DUURGA
DDurg
udrga
chawall
Chawal
CHAAWAL
GULABJAMNUI
Gulabjamuni
GULABJAMUNNI
BACCHPAN
Bachpaan
nirvana
nirvana
HDARTI
dhaarti
bchpann
Bachpann
Shkkti
shhakti
ASMITA
asmita
Asmita
parivaar
PARIVVAAR
parivaaar
parivaar
Prern
Prerna
prernra
Prerna
Raat
RRAAT
rrat
Rat
RAAT
dilu
diluu
bhhakit
Bhkhti
bhkti
BBHAKTI
Bhagwanee
bhagwannee
CHAWAL
CHAWAAL
chaawal
Chhawal
KALAKAR
Klakaar
Maanzilee
manzilee
SAFAR
ssafar
asafar
biiryni
BBiryani
BIRYYANI
bndhanaa
bandhanaa
bandhhanaa
Bandhanaa
dIlii
IDDLII
PANNEER
Pneeer
umeeed
ummeed
DURRGA
durgga
kshan
Kshan
Ksshan
KSHANN
Dal
dal
DAL
sappna
sspna
KHUSHBOO
Khushboo
khushboo
kkhushboo
PPrem
pprem
Snnnata
SSannata
snnata
Sannata
MAATAR
MATARR
HUMSAFAR
hhumsfar
humsafar
Huumsfar
DHAARTIN
DHARTIN
niirvna
nirrvana
LLADDU
laaddu
ladudu
MANZIL
Mnzzil
gganesh
ganeesh
ganesh
idlli
ildi
jalebiu
JALEBIU
jalebiuu
jlebiui
musam
MAUSAM
musam
ALOON
aloonn
laoon
SHANTIAA
Shntiaa
PANEER
Pneer
bachpanaa
bachpanaa
bchpanaa
Mtrubhasha
MATRUBHAASHA
PANAI
paani
pani
paanni
DURGA
Durrga
DURAG
DURRGA
PAKOAR
PPAKORA
bbhagwan
BHAGAWN
bhagwan
bhgwan
DUGRA
DUURGA
pttagyraee
ppattagyraee
Pattagyraee
PATTAGGYRAEE
SHHIVAA
shivaaa
Shiivaa
SHIVAAA
SANSKARAU
snskaaru
sanskaaru
sanskaaruu
khushboo
Khushboo
khushbooo
rata
rraat
raaat
RAAAT
KHUUSHBOO
Khsuhboo
khushboo
deesha
DESHA
Desh
parivaaar
PARIVAAAR
nirvnaan
NIRVANAN
INRVANAN
krishhna
KRISHHNA
krishna
Bachhpani
BBachpani
Raasgulla
raasgulal
RASGULLA
durrg
durgga
JANAMU
JAANAMU
Janmau
PRASADD
praasad
PRSAAD
pprasad
JAANMN
Janammn
muuskann
MUUSKANN
MUSKANN
Muskannn
janam
Janam
jnanam
Janamm
manzial
maanzila
mnzzila
aamm
Aamm
aamm
AAAM
shiviv
shivii
Shivi
Prrerna
Prernaaa
prernnaa
prrernaa
pnener
paneeer
DIN
Din
Dinn
YYaadein
YAADEIN
Yaadeiin
RORTI
ROTI
roti
Gneshi
gganeshi
ramaa
rmaa
zindaggi
ZINDAGI
BHAKTI
bhakti
bhktii
Bhktti
mmuksan
muskan
umskan
Muskann
Saverra
saverra
SAVERA
saveera
SHAKKTI
SHAKTI
SHATKI
shaakti
Safarn
SSfarn
saafrnn
Safarn
pttagyra
ppattagyra
paattagyra
pattagyra
payar
Pyar
pyyar
PAYAR
bandhan
Bndhan
bandhaan
dili
DIL
Dil
Idliee
Idliee
idlieee
saafar
safar
Safar
safaar
saanjh
ASAANJH
iBryani
Birayni
BIRYANI
KSHAN
kshaan
Kshhan
dinaa
dinaa
dinaa
dinaa
Alooa
alooa
ALOOA
aloao
POOJA
POOJA
lassi
lasssi
laassi
ASMMITA
ASMITTA
asmmita
Asmitaa
pyaari
pyari
pyaari
pyari
AAam
Aam
aamm
aam
gulaabjamun
gulabjamun
Gulbjamun
mausaam
Mausaam
MMausam
mmtar
matar
Saveera
SAVERA
bandhan
bndahn
bandhann
banndhan
ZINDAGI
ZINDAGI
yaaadein
aydein
Sanskaar
Sasnkaaar
SANSKAAR
Janam
AJNAAM
biryania
biryania
bhindiee
bhindiee
bhindieee
Bhindiee
matrubhassha
MARTUBHASSHA
MATRUBHASHAH
matrubhasha
saveera
savera
savear
lssi
lasssi
rroti
ROOIT
savera
savera
Savera
savvera
khwaab
Khawab
KHWAAB
KHWAAB
AASSHAU
AASHAAU
rraat
raaat
Bhaktiiaa
BHAKTIAA
BHAKTIAA
Prsasadn
Prrasadn
rrm
rrm
RAM
Ramm
din
din
Din
DINI
khushbooaa
khusbhoooaa
ppl
pal
Idli
IDLI
IILDI
chai
CHAI
CHAII
CHAII
DINA
DINA
dnia
bhinndi
bhinndi
bhindi
Poojja
pooja
gulabjamuni
gulabjamuni
Safar
SAFAR
SAFAR
ssafar
manizilu
MANZILU
manizlu
MANZILU
BBhaajn
bhjan
khwaab
kwhaab
YYAAEDIN
yaadein
yadein
YAADEIN
saanjjh
saannjh
Sanhj
sapnauu
SSAPNAU
BHINDI
BHINDI
ppneer
panere
PANEER
snskaar
Sanskaar
sansskaar
Sanskkaar
Dost
dost
dost
Doost
krishn
krishna
krishna
krsishn
dostnn
DOOSTN
Dsehh
DDESH
desh
desh
Nirvna
nirvaana
saverra
savera
sveraa
savera
PARIVAAR
Parivvaar
pairvaar
Umeedi
Umeedii
dharti
dhrti
dharti
DOSAA
Dosaa
Dossa
Matrubhashhaa
matrubhashaa
BHAGWWAN
bhaagwan
bahgwaan
hawa
HHAWA
HAWAA
Hawa
DURGA
DURGA
Duurg
bhhakti
BHAKTI
Khushboo
khushboo
yaadein
YAADEIN
Yaadein
Shivee
SHIVEE
shiveee
paaninn
paanni
panin
PPAANIN
Pal
pl
Pll
PPRERNA
prern
Prerna
Khushi
Khhuhsi
getet
geet
Geet
geet
maatar
matar
mmtar
aSvera
svera
SAVERA
svera
spna
SAPNAN
bhttura
bhatura
Bhhatura
bhatura
bhatturaa
Bhaaturaa
HALLWA
lhwa
AHALWA
HALWA
svera
saveraa
savera
Preem
prem
aloeoe
ALOOOEE
alooeee
dosa
odosa
geeet
GEET
geet
Geet
CHAWWAL
chhwla
Virasataaa
vvirasataa
PALUU
pluu
ppalee
Paleee
Bhaturaaa
bhturaa
bhaturaa
bhaturaa
chawal
chaawl
hcawall
chawal
hawaee
HAWAEE
hawaee
Hwaaee
Bhaturaa
bhatura
BHATURA
BHATUUAR
kklakar
Klakarr
klakar
kalakar
bhakti
bhakti
bhakkti
nirvvana
nirvana
bachpan
Bchpan
Bachpaan
BBchpan
DOSAA
DOSAA
SAFFARU
SSafaru
saafru
roshnii
ROHSNI
roshnii
sukoon
sukoon
uSkoon
rasgullla
rassgulla
rasgulla
rassgulla
SAMOSA
Smoosa
samoas
SSmosa
Desh
ddesh
SAMMOSA
smossa
smosa
zindgaia
zindagiaa
zzidnagiaa
Chawwali
cchawali
ddil
dil
Dil
bbandhani
BANDHANNI
DEHS
Dessh
deesh
edsh
ssvear
SSAVERA
saveraa
hawaa
Hwa
Hwa
Zinnadgin
zinndagin
BHAKTIUU
bhkitu
BHHAKTIU
dhrti
dharrti
krrishn
krrishna
KRISHNNA
Krishn
PAKORA
paokraa
sannskaari
Sanskaari
LAADDU
LADDU
Laddu
PRASAAD
prasad
parsadd
Gaanesh
GANESH
GANESH
Ganessh
dostaa
DOSTAA
SAMOSA
SAMOSA
BHNIDI
BHNIDI
bhiindi
bhindii
prerrn
prerna
prenr
PRERNA
din
DIN
Din
SAVERA
Saveraa
Savera
safaar
SFAAR
Safar
saafar
durggai
ddurgai
BANDEGAAI
Banddegai
DDESHI
deshhi
deshi
DEHSI
swwar
Swr
swr
Bandegai
BAADNEGAI
BANNDEGAI
bndegai
Desh
desh
desh
Bhaagwan
Bhagawn
Mausaam
maussama
MAUSAMA
mausaama
savera
SAVERA
savvera
SAVERA
SAFFARA
safara
Shanti
shhanti
shnti
SUKOON
sukooon
Shiiva
SHIAVAA
asha
AASHAA
aasha
durga
DUURGA
DURGA
HAAWA
HAWAA
Rosnhi
ROSHNNI
SHAANTI
Shanti
PAKORA
Paokra
Virasat
VIRASAT
viirasat
BBandhan
Bandhaan
Dost
doost
paanniu
Paainu
Paaniiu
Paniu
jalebi
jlebi
AAMA
Aamaa
aama
aaama
KHUUHSBOO
KKhushboo
PALLEE
plee
PLAEEE
Palee
Kshann
kshna
nirvvna
nirvana
BHAJAN
BHAJAN
bhjan
bhjan
IDLLI
Ildi
VVirasatn
VIRASATN
virasatn
MATTAR
MATAR
smitaaa
sAmitaa
asmitaa
prme
perm
umeedeee
UMEEDEE
uumeedee
SAVERA
sveraa
svera
savera
KSAHNA
kshanaa
skhanna
kshan
Asmitaaa
Asmita
Paakora
pkora
pakoar
pkora
PRERNNAA
PRERNAA
prerna
MATARA
MATARRA
Mattaar
msukaan
muuskan
Muskan
mmuskn
ROSHNIEEE
roshniee
Manzzilaa
mannzilaa
mannzilaa
dost
dots
dostt
dostt
ziindagi
ziindgi
paanii
paani
Paanni
paanni
SAMOSA
SAMOSA
Samosaa
Samoas
DDOSAU
DOSSAU
dosu
MATRAA
matara
safarnn
sfarn
saafarn
Sfarn
snskaar
sansskaar
SWAR
swar
aloo
Alolo
looo
saanjih
Saannjhi
SAANJHI
biryani
Biryani
Yaadeeni
yaaddein
nirrvna
NIRVANA
NIRVANA
NIRVANNA
MUSKKAN
MUSKAN
Musskan
KSHAN
KKshan
Kshn
mehmaan
mehman
MEHHMAAN
MEHMAAAN
jlebi
JALEBI
saannatau
snnataau
sannatau
didl
Dill
MATAAR
MATAR
mtar
MATAR
idli
IDLI
dili
MUEEDNN
umemedn
PPAKORA
PPakora
Pakkora
Pakoroa
KALAKAAR
aKlakar
KALAKKAR
KALAKARR
DRUGAA
druga
DDurga
Durga
matrubbhashaaa
Matrubhashaaa
hawa
HAWA
HAAWA
hawa
Sanskaarr
SANSKAAR
SNASKAAAR
Sanskaar
ZINDDAGI
Zindggi
zindagii
zindgi
mattar
MATAR
mataar
mtar
ladduu
aLdduu
laddduu
ladduu
Bachpan
baachpan
bachpan
Baachpan
LADDDU
LADDDU
lddu
LADDU
raaat
rraat
RAAT
savera
saveera
Savera
savera
roti
Rotii
ROTI
rooti
Ummeed
Umeed
Umeed
umeed
DURGGA
Durgaa
DURGA
durg
SANANTA
SANNAATA
KHWAAB
khwaab
khhwaab
dostu
Dostu
DoDstu
PAANEERAA
pnneeraa
paneeraa
bandhna
Bandhan
yaadeini
YAADEEINI
Yadeinni
Yaaddeini
Asmiita
Asmitt
ASMITA
asmmita
KHUSHII
khusshii
khushii
pneer
PANEEER
JANAAMEE
janammee
JJANMAEE
Swar
SWAR
Swaar
Swar
safaara
safafra
SAFARA
SANSKAAAR
SANSKAAR
SANNSKAAR
LADDU
ldddu
nirvanai
nirvanai
nirvanai
Chawwal
Chawal
Bhiindi
bhindi
BBHINID
desh
Deseh
dehs
DDesh
Sanksaar
SSanskaar
PANAI
PANAI
paani
KSHHNAU
Kshaanu
kshanu
bhagwan
Bhgwan
BHAGWWAN
saanjh
saanjh
desh
DESH
DEHS
dessh
din
dini
din
Bhhaturaaa
Bhturaaaa
Bhatuuraaa
BHATURAAA
Samosa
smmosa
SAMOSA
Smosaa
Mehmaaan
Mehmman
Mhemaan
laddun
LADDDUN
LADDUN
ldddun
shivi
SSHIIV
sshivi
opojja
Pooja
ppooj
POOJA
GULABJAMUUN
GULABJAMUN
Gulabjamun
GGLUABJAMUN
BHINDI
hBindi
bhindi
bhindi
chawwal
CChawal
CHAWAL
SFAAAR
saffar
ashaii
AAashai
Aashaai
prernee
prernee
pprernaee
prernaee
banddhan
Badnhan
Bndhann
Bnadhan
janam
janam
jjanam
MATAR
MATAR
mtar
yadein
yaaadein
yaadein
yaadeein
Zindagi
zindgi
rrotiu
Rotiu
ROTIU
BHAKTIAAA
bhaktiaa
bhakitaa
Bandegaiaaa
Bandegaiaa
BBANDEGAIAA
YAADEINI
Yaadeini
Yadeini
gulabjamunu
gullabjamunu
gulabjamunu
mtarubhashaaa
mtruubhsahaaa
MATRUBHASHAAAA
Mtrubhashaaa
dossa
Dos
BAANDHAN
abndhan
BANHDAAN
BANDHAN
CHHAWAL
chawal
svera
Svera
SSAVERA
durga
ddurga
durga
Durga
desshaa
DESHAAA
Samossaee
smmosaee
pal
ppal
pl
MEHHMAAN
mehmman
MMEHMAAN
MMehman
shiivn
SShivn
shivn
aloo
Alooo
amsiita
asmitta
hhumsfarn
humsafarn
humsafarn
BHATURAA
bhhtura
BHATURA
idli
idil
IDLII
MAUSAM
maausam
Mausma
mausam
Baandegaiu
bandegaiu
bandegaiu
Jleebi
JALEBI
jalebi
chii
Chai
CHAAI
chhia
ajnaam
JJANAM
loo
laoo
Alooo
aaloo
mehmaana
mehmaanaa
Mhemanaa
mehmaanna
dina
dinaa
humsafaraa
Huumsafara
ashaa
aaasah
AAASHA
SAMSOA
ssamosa
Halaw
halwaa
HALWA
HLAWWA
PAL
pal
mausam
mausam
Musam
kalakar
KALAKKAR
Janaamaa
janamaa
jnamaa
JANAMAA
Virasta
virasat
VIRAASAT
saanjhh
Saanjjh
SAANHJ
SAANJJH
shiv
shhiv
shhiv
shivv
geet
geeet
Geett
Zindaggi
ZINDAGI
IZNDAGII
zindgi
KSHAN
kkhsn
kshaan
Kshan
hSnti
SHANTTI
Shtni
Bandhhan
bndhan
bndahn
Aloo
aaloo
durgau
dduragu
durgau
Drugu
Bhatura
bhaatrua
Dal
dal
DAL
DHARRTI
DDharti
DHHATRI
krishna
krishna
krisshn
SANNAATA
Sannata
Sannaata
SANNATA
huumsfar
HMUSAFAR
Hummsafar
BHATURA
Bhhtura
BHATURA
SHAKTI
Shakti
Shakti
shakti
nirvana
NIRAVNA
Nirvna
NIRVANNA
rrama
ramma
Raama
aRma
SAMOSA
SAMOSA
smosa
smosa
BHAAGWNA
bhagwan
bhhagwan
bhgwan
bnndhan
bandhan
IDDLI
iidil
idli
Janamm
Jannam
JANAM
jnamm
Janam
JJanam
Shiiv
SHHIV
shiiv
Shiv
Aashha
Aasha
aasha
Manzil
Maanzil
MANZIL
MMEHMAAN
mehmaan
EMHMAAN
Alooi
oloi
paneer
pneerr
smitta
asmita
asmita
dost
dost
Dostt
CHAI
CHHAI
Chaai
Chaai
PAARIVAARN
Parivaaarn
pariivaarn
privaarn
maussami
Musaim
bbhkti
bbhakti
bhkti
roshin
ROSHNI
matrubhasha
Mtrubhasha
MATTRUBHASHA
Matrrubhasha
Matrubhhashaa
MATRUBHASAHAA
dil
Dil
dil
roshni
rooshni
sanskaar
Sanskaar
NIRVANAA
nirvana
nirvvana
Virasat
Virasat
IVRASAT
hdartii
dharti
dhatri
dhharti
POOJAAA
poojaaaa
POOJAAA
durg
durga
DUURGA
Raataa
Raataa
Bachpan
bachppan
bachpan
Bachppan
SSaanjhee
sanjhee
saanjhee
prrem
PREM
BHAGWAN
BBhagwna
Krsihhna
Krishna
haawa
Hawa
Niravna
nirvna
nrivana
NIRVANA
ssanskaar
Snskaar
aaasha
aassha
aAshaa
dall
DaDl
DAL
DAAL
Rooti
rooit
BACHPANI
BBachpani
Bachpani
bhatura
bhhatura
BHATUAR
Shaakti
SHAKTI
shakti
asmita
smita
smmita
CHAIAA
Chaaiaa
CHAIAA
SAPANA
SPANA
SSpna
Sapna
durgga
durrga
durgga
PPOOJAI
poojai
pooji
prem
prrema
PPREMA
PPrema
rrm
Ram
rm
ram
Haalawu
HALWAUU
shakti
sshakti
SHAKTTI
BHATTURA
bhattura
durrga
DURGA
GANESHEE
gnesheee
gganeshee
GANNESHEE
MANZILU
Mannzilu
laaddu
LADDU
bhakati
BHAKTTI
svvera
SAVERAA
vsvera
SANSKARA
Sanskaar
Khushiuu
KKHUSHIU
khushiu
Khushiu
BHAJAAN
Bhajann
bhajan
Aassha
aashha
aasha
assha
savera
SAVERA
MUSSKANEE
umsknee
muskkanee
sapna
saapna
SAPNA
pakorra
pakkora
klakar
kalakkar
kalakarr
kaalaakr
jjalebi
AJALEBI
JALEBBI
JALEBI
muksan
musskan
muskan
MUSKANN
bhnindi
BHINNDI
BHINDII
bhindi
dseha
Deshha
dehsa
Deshaa
svear
SAVERA
SSAVERA
umeedn
umeedn
ummeedn
umeedn
Durgii
durgaai
Durgi
pyararaa
ppyaaraa
yparraa
Pyyaaraa
aam
Aam
Laddu
laddu
Roti
rotoi
bhgwani
Bhgwani
BHAGWANI
dil
Dil
diil
dill
rohsni
roshin
Roshin
BHAGWANEE
bbhgwaene
POOJA
pojo
BIYRANIA
biryaniaa
humsfar
huumsafar
hhumfsar
Idli
IDDLI
dili
Deshh
deehs
desh
desh
shaktti
Shakti
matar
matar
matar
paneer
paaneer
paneeer
paneer
uGlabjamun
GULABJAMUN
BBHINDI
bhidndi
bhindi
bhaturaeee
bhaturaee
BHATURAEE
bhatauraee
PRASADD
pprasad
prsaad
praasad
DILNN
DIILN
Panneeru
Pnaeerru
PANEEERU
parivaarr
Parivaar
geettn
GEETN
Janaam
janam
Janamm
lasssi
lassii
musam
MMAUSAM
mtar
maatar
MATAR
MATAR
matrubhasha
Matrubhhasha
MATRUBHAASHA
zinndagi
zindgi
geet
Geet
swaru
SSwrau
SWARU
humsaafar
HHumsafar
HUMSAFAR
roshni
Roshni
bachppan
bachpann
bachpan
Baachpan
poojaa
POOAJ
POOOJA
Pooja
diil
DIIL
Dil
durgg
duurga
dugr
pprenr
prerna
prerna
Prerna
snnskaar
ASNSKAAR
sappna
SAPNA
spnna
Spna
Spna
pSna
Sapna
SAPNA
DAL
dall
Dal
Dll
DAAL
DALL
mmuskan
muksan
MUSSKAN
PPREMI
Premi
preemi
AALOO
Aloo
Alooo
Alooo
DINA
ddina
Gannesnh
Ganenshn
manzil
mmanzil
Manzil
mnzil
PARIVAAR
parivaaar
parviaar
sanskaar
sanskaar
sansskaar
saanskaar
bhindi
BBhindi
BHINDI
bhindi
MATRUBHASHHA
MATRUBHHASHA
MATRUBHASHA
MATRUBBHASHA
raat
raat
raat
PRASAAD
prassad
dal
Dl
dadl
KHUSHBOO
hkushboo
KHSUHBOO
doost
Dostt
SAPNA
SAPNA
sapna
LADDU
lddud
laddu
laddu
ypyaaru
Pyaaru
PYAARUU
HUMSAAFR
Humsafar
humsfar
virasaat
Virssat
PAKORAAU
pkaoorau
pakorau
kporau
HAWAI
hawwai
hwaii
hwai
saanjh
Saanjh
saanjh
saaanjh
halwaaa
Hllawaa
Hlwaaaa
HALWWAAA
lasssi
Lssi
lassi
shiv
Shiv
Idlli
Idlli
PAANI
Panii
paaani
khushboo
Khushboo
khsuhbooo
chai
CHAI
bachpanaa
bachhpanaa
bachpnaaa
sahaktiee
shaktiee
PYAARR
Pyara
pyaaar
Nirvnaaa
Nirvnaaa
NIRVANAA
dal
DALL
Dall
DDAL
chi
Chhi
CHHAI
chhi
zindgiee
izndagiee
ZINDAGIEE
Zindgieee
bhajaanu
Bhjanu
rat
raatt
raaat
raat
ODSST
oDsst
DOST
RAAM
rm
ramm
Umeed
UEMEED
mueeed
Dinn
DINN
DIIN
DIN
rosshin
Roshhni
Paener
paneeer
Khwaaab
KHAWAB
Saanjhaa
saanjha
bbhajan
BHAJAAN
dal
dl
Parivvaar
APRIVAAAR
pprviaar
parivaar
lassi
lassi
SAFARN
SAFARNN
Safarn
bhaktiaa
bhaktiaa
bhaktiaa
apaneer
Paaneer
armm
Rm
ramm
RAM
Idlii
idli
IDLLI
dilli
saanjh
SAAANJH
SAANJH
PAANII
panaii
paaani
paani
aasimta
asmiita
DAL
dall
Daal
privaar
parivaaar
Pneera
pneeera
pneerra
bhhgwan
BHGAWAN
Prrerna
prerna
Perrn
bhajaan
Bhhajan
bhajan
ORTI
rooti
ORTI
BHAKTI
HBAKTI
BHATKI
aPkora
Pakora
ALOOO
AAloo
Samosauu
Samosau
samosau
JANAAM
janam
JANAM
JANAM
Halwaaa
halwaaa
kllakar
kalakar
kalakar
klakar
ROTIAAA
ROTIAAA
RROTIAA
KHUSHBOOAAA
Khushbooaaa
khuushin
khhushin
khushin
sapna
Sapna
SAPNA
sapnna
SHIVV
Shiiv
sihv
Bhttura
bhatura
BHATURAA
Bhttura
dostuu
odstu
DOSTU
dostu
sswr
swar
nsnata
sannata
prem
PPREM
BANDEGAIIEE
BANDDGEAIEE
bnadeggaiee
kshann
Kshnn
kshana
KSHAN
Bhaajan
BHAJAN
DHARTTI
DDHARTI
dhrti
umuskan
MUSKAN
MUSSKAN
LADDU
Laaddu
Ldduu
LADDU
bbiryani
biryanni
BIRYANI
ADLL
Dl
samoosa
saamosa
Saomosa
dhratii
dharttii
DHATRIII
poojja
POOOJA
opoj
Pooj
bndegaai
bandegai
BANNDEGAI
UMEEED
umeeed
UMEED
UMEEED
hKwaaab
Khwaab
Muskna
musakn
muskaan
khushi
hKushi
Dlil
dill
SHIHV
SHIV
ssvera
SAVERA
pall
pl
Dinnn
diinn
Dnin
DALAA
DALAA
Dalaa
DALAAA
CHAINN
hcain
chhain
saanjjh
sanjh
SAANJH
Shaktii
sshakti
shaktti
Rotii
Rotti
SWARAA
swraa
swsara
SWARA
Zinadggi
ZNIDAGGI
ZINDAGI
IZNDAGI
PYAAR
pyaaar
hlwa
HALLWA
ahlwa
PAL
Pll
Pall
pal
Humsaffar
HUMSAFRA
Kshaan
KSHAAN
KHSAN
hawaa
Hwaa
HHawaa
hawaa
DOSA
DOSA
Pooji
ppooij
bhkkti
bhaakti
MMUSKAN
MUSKANN
muskann
raat
rat
Pli
plpi
paali
plli
matrubhashaai
MATRUBHASHAI
sansakar
Sanskaar
Snskakar
BIYRANI
biryani
Dsoa
dossa
Virassat
Vriasat
VIRSAAT
Matrubhassha
matrubhasha
MATRUBHASHA
nirvana
Nirvana
NIRVANA
hawau
hawau
hwaau
CHAIEEE
chaiee
chaiiee
CHHAIEE
RASGULLAA
rsgulla
Rsgulla
dal
DAL
dl
shantii
SHANTI
khushoboo
khushsboo
Biryaniaa
biryniaa
BIRYANIAA
snanata
sannaata
deesh
deesh
shhkti
sshkti
shaktii
shaktti
ppakora
Pkoraa
Pakora
Pakora
saveraa
savvera
SAVVERA
SAVERA
Jnam
jaanm
aassha
AASHA
aashaa
roti
roti
Pal
pal
PPAL
DILL
dill
diil
dil
RASGULLAA
rsguulla
arssgulla
rrm
RAM
rram
rasgulla
RASGULLLA
rasgulla
Rasggulla
Durgga
DURGA
durga
duurag
sanskaaari
sanskkaari
SAANSKAARI
SANSSKAARI
Bndegaai
bndegai
Desshn
deshn
DESSHN
sanskaaari
SSANSKAAIR
sanskkaari
Shnti
SHAANTI
alooo
aloo
ALOO
MUSSKAN
Muskan
suukoon
Sukoonn
Sukooon
PPrernu
Prernau
bhaktii
bhaktii
aaam
AAM
aamm
WSARAAA
SWWARAA
SWARAA
Ganesh
Ganesh
ram
RRAM
kshnnee
KSHNAEE
prern
PRERRNA
chawal
chawwal
CHAWAL
JALEBI
jalebi
Jalebi
JAELBI
panneera
paneeraa
Paneera
Shtninn
Shhantin
Shantin
HSANNTIN
YAAADEINU
YYAADEINU
Yaadeeinu
YAADDENIU
Paneer
pener
Paneer
pal
Pal
mannzilee
maanzilee
Saveraaa
Saveraaa
Saveraaa
sveraaaa
KKshn
kshan
skshn
kshan
Sukoon
suokon
suokon
maausam
Mauusam
mausaam
mausam
manzileee
MANZILEE
mnzilee
Mnzzilee
lssi
LLssi
Lassi
bhinndi
Bhindi
odst
dost
Dost
Diiln
dilln
lassii
ALSSI
Lassi
lasis
bhaktii
bhaktii
manzill
MANZIIL
manzil
mnzli
humsfaar
HUMSAFFAR
HUMSAFARR
HUMSAFARR
Janam
JANAM
JANAM
bhjan
bhajann
musam
Mausam
Mausam
Mausam
Diilu
Diluu
dilu
dilu
MEHMAAN
MEHMAAN
humsafar
huhmsafar
roshniee
roshniiee
zindgi
ZIDNAGI
KALAKAR
klakarr
din
ddin
din
AOLOO
looo
Prasad
prsadd
ddil
DIL
dill
hawaee
hawee
vvirasati
virasati
VIRASATTI
Virsati
virasatnn
VIIRASATN
Prerna
PPrerna
PAKORAU
pkorau
pakorau
PAOKRAU
laoo
aloo
loo
loo
durggaee
DURGAEEE
Durgee
kkhushboo
khushboo
KHUSHBOOO
khushbooo
shhkti
shkti
sshakti
SHAKTI
BANDHHAN
Baandhan
jalebi
Jalebi
jalebi
MATAR
matar
MATTAR
ganeshsi
Gaeneshi
ganeshii
umeed
umeeed
GEETE
GEGET
geet
deshi
deshi
Deshi
BACHPANN
BACHPANNN
smosan
ssmaosan
smossan
ildli
Idli
Idil
Aahsa
aasha
AASHA
aashaa
Roti
ROIT
ROTII
dall
DAAL
dl
ddal
Lsasi
LAASSI
Lsasi
LAASSI
opojaa
oPoja
Mhemaana
MMEHMAAAN
mehmnaa
Bhgwan
bhagwan
bhagwan
Parivvaaru
Privaaru
GEETI
Geeti
Geeeti
geeti
ROTI
rotti
roti
assmita
asmita
chaawal
chawal
chawla
Chhawal
DDil
DDil
din
Dini
din
Dinn
DAAL
dal
DaDl
Bandegai
bbndegai
KHUSHBOOU
khusshboou
khushbooou
khushbooou
HSIV
Shiiv
SHIV
wsrr
SWAR
wSwar
prsaddu
prssadu
looaaa
alloaoa
looaaa
ALOOAAA
diln
Diiln
Dilln
DIILN
aashaeee
AASHAEE
aaashaee
dhartin
DHARTINN
janam
Janam
paaani
PPAANI
paanii
HAWWA
HAWA
durg
DDurg
dhrtii
dhrrti
DDharit
dhartii
swr
SWAR
swra
Doots
doost
Dost
dost
KHHUSHBOOAA
khushbooa
KHUSHBOOAAA
mehmaan
MEHHMAAN
Mehman
Prema
prema
prema
snskaaar
ssanskaar
snskkaar
KHWAAAB
KHWAAAB
khwab
hwan
hawan
HAWAN
Hawan
prasad
Prsad
samoosa
Samosa
samosa
samsoa
SWARI
swaari
Swarii
Swwari
Bhhajan
BHAJAN
BHAJAN
bhnidi
bhindi
bhiinid
doosai
dossi
dosiai
pooj
Poooja
pooj
Poooja
praasad
prasad
prassad
lldadu
ladduu
LLADDU
LAADDU
Sannata
sannnata
sannata
DHARTI
dharti
Dharit
UMEED
umeeed
umeeed
khushbboo
kkhushboo
hlwaa
hllwa
halwla
pyara
pyaar
roti
Roti
ROTI
BHHINDI
BIHNDII
bhindi
bhidni
bhkti
BHAKTI
BHAKTI
BHAKTII
idliee
ildiiee
idliee
KWHAAB
khwab
KHAWAB
khwaaab
zindagi
zindgi
zindaggi
KHUSSHIA
hkushii
KHUSHIA
aamm
aam
Aam
PARSADI
prasadi
PRASADI
umeed
umeeed
umeed
BACHPAN
bchpan
idli
Idli
matar
mataar
MATAR
saanjh
sanjh
sanjh
rotii
roti
ROTI
rotii
asmitaa
asmitaa
ASMITAA
asmitaa
umeed
umede
Ummeed
RAM
Ram
RAM
RRAM
sannjh
SANANJH
Saaanjh
SAANJHJ
aam
aam
Aaam
AAM
lsassi
LASSI
LASSII
lasssi
DEESH
DESH
mausam
Mauusam
MAUSAM
Musam
POOOJA
Poooja
Poooja
Poooj
zindaagin
Zindgagin
mmehmaan
mehmaan
MEHMAAN
paani
paain
PPAANI
SHHANTI
Shannti
sshanti
ldddu
LAADDU
Laddu
MAANZILI
Mnzili
Mnazilli
roshnniee
roshniee
ROSSNHIEE
Roshniiee
sapnaee
saapnaee
spnaee
HALWAAA
HHALWAA
halwaa
prsad
prasad
prassad
PRASAD
cchi
Chai
CHHAI
chai
dossa
Dosa
dosa
saveraa
Saveera
savera
saavera
bandegai
BANDEGAAI
Bndegaai
aam
Amm
aam
aAmm
Dostaa
Dostaaa
Doso
dosa
dosa
DOAS
rasgulla
Rasgulla
Rasguulla
pal
PAAL
PAL
pal
spapna
sapna
SAAPNA
spna
Din
din
DIIN
KHUSHBOO
khushbooo
Premm
PPREM
jlebi
Jaalebi
Jlebi
SWWAR
SWAR
SWWAR
swaar
AASHA
AASHA
Snskaar
SASNKAAAR
SANSKAAR
Pall
pal
geeet
geet
geett
geeet
Yadeinn
YAADEINN
yaadeinnn
YAADEINN
SSwaraa
Swaraa
swaraa
kallakar
kalakar
kalakkar
PRERNA
Prrerna
DIDL
dil
DDIL
Dill
raatee
Raatee
raatee
raaatee
SHIVV
shiv
SHIV
asmita
ASMITA
SAFARAA
safaraa
ppal
Paal
PAL
KHWAAAB
KHWAAB
bhjan
bhajjan
bhjaan
bhjjan
bhajan
BHAJAAN
bahjan
BAHJAN
PRERNAA
prernaa
prernaaa
kaalakara
Kallakara
Kalakaara
KALAKARAA
ssapna
sapnna
sapnaa
SAPNA
Sapna
SSpna
spnaa
LASSII
laassi
dhaarti
dhatri
manzill
MMANIZL
Banndegai
bndegiai
lasis
lsis
Lasssi
lassi
deshaa
deshaa
deshaa
laooo
aloo
ganeshh
GAANESH
Ganessh
DHARTI
dhrati
dhartti
DAHRTI
lassi
lassi
laassi
rammaa
mRaa
Bhajn
bhajan
bhaajan
VIRASAT
Vriasat
Viirasat
viirasat
kshan
Ksshan
Sapnaaa
SAPNAAAA
Khhushiee
kkhushiee
spna
sapna
ssapna
DOSTNN
dostn
DOSTN
POOJA
Poojja
pooj
Pooj
ladddu
LADDDU
SUOKOON
ssukoon
SUKOON
nirvnaa
nirnvaa
aashaa
Asah
Aashha
samosa
samosaa
samosa
bhaagwan
bhagwan
bbhgwan
RAM
RAM
lassi
lasis
saaanjh
ssanjh
saanjh
saanjh
maaznil
AMNZIL
saffar
ssfaar
ASFAR
Safar
Dharrti
Dharit
Jaalbei
JALEEBI
PRERRAN
prerrna
Preran
KALAKAR
AKLAKAAR
panni
PAANI
paani
gulbjamumn
gulabjamun
gulabjamun
NIRVANA
nirvna
Nirvana
muskannn
musknn
musknnn
muskann
BHAKTKII
bhaktii
KSAHN
Kshan
dosaaaa
DOSAAA
aaam
aAmm
SHAKTI
SAHKTI
BBiraynii
biryanii
biryannii
Matar
mtaar
MATAR
matar
ALOOO
aaloo
Aloo
AAloo
CAHI
chai
chai
CCHAI
pattagyyrau
PATTAGYRAAU
pttagyrau
Pattagyrau
bhakttii
hBhktii
bhaktii
Bhaktii
saanjhu
sanjhuu
SAANJJHU
SAANJHU
prsad
parsad
Prsad
ROHSNI
RRoshni
DOOST
Dost
SHIV
shhiv
Shiv
Daal
DAL
DAL
DALL
PPATTAGRYA
pattagyra
PATTAGYARA
Bhajan
bbhjan
Bhjan
LAADDU
Ladddu
ahwa
Hwawa
haaaw
Jalebbi
JLAEBI
Jalebi
jalebi
ppttagyra
pattagyra
spnaa
sapnaa
Sapna
humsafaree
Humsafaree
humsaafaree
Humsafaree
LASSIII
lassii
Jnaam
Janamm
JANAM
umeed
uumede
UMEED
SAMOSAAEE
SAMOSAAEE
Samosaee
Saamosaee
Asmiti
ASMIITA
KHUSHBBOO
khushbooo
biryni
biryaani
humusafar
husmfar
Humsafar
huumsafar
Prerna
prerna
lddu
LDADU
ldddu
Laddu
Asmita
smiita
asmita
asmita
Ramee
Ramee
RAMEE
ramee
Parivaar
PARIVVAAR
pneer
Panneer
IDIL
Idli
pl
PALL
pal
Pal
BHAGAWNU
bhagwaanu
bhgwanu
Bhagwanu
POOJAAA
Pooojaa
POOJAAA
poojaaa
Pyaaruu
PYAARU
Manzil
MMANZIL
Guulabjamunn
Gulbjamunn
Bhkti
bhaakti
bhktii
BHAAKTI
SSannata
sannnata
KHUSHBOON
khushboon
RAAMU
RAMU
raamu
manzil
Mnzil
MANZILL
sapnaa
SAPNA
saspna
safaar
safar
Sfra
safar
rat
RAAT
rraat
DOST
Dost
dosst
ganneshn
AGNESHNN
pyar
pyyar
Somsaaa
smoasa
Saamosaa
Lddu
Ladduu
dldu
umeed
umeed
UUmeed
pooja
poooja
POOJA
pooja
Khushbboo
KHUSHBBOO
Khushboo
HKUSHBBOO
pyara
pyayara
prasaad
PRSAAD
prsad
yadeinu
YAAADEINU
yaadeiinu
Yadeinu
SWAAR
swr
sswr
swr
bandegaaia
bandegaiia
BANDEGAIA
Bandegaia
srgulla
RASGULLA
Rasgulla
raaat
RAATT
Raaat
rata
Dhrtii
DHARTI
Dhharti
DIN
dinn
geeet
GEETT
geet
geeet
lssiu
lsssiu
raataaa
RAATAA
RAATTAA
Raattaa
mtrubhasha
Matrubhasha
khushbooi
KUHSHBOOI
Khushbboio
SUKOON
Skuoon
sukooon
bhturaee
bhaaturaee
bhaturraee
mtrubhashaaa
amtrrubhashaaa
chwawal
chawal
CHAAWL
Hlwauu
halwau
HALWAAU
dhrtti
dhrti
Dhrti
Dhrti
ddil
diil
DIL
zindaggi
Zinnadgi
zindaagi
Swr
SSwar
sawr
Deshh
DDSEH
edsh
desh
jalebi
JALEBBI
ljebbi
jleebi
sukooon
SUKOON
sukoon
Swarr
sswr
swwra
uHmsafar
humsfaar
Gullbjamun
ggulabjamun
GULBAJAMUN
privaar
prrivaar
privaar
parivaar
Paaani
PPAANI
paani
KSHANII
kkshani
kshni
kshanni
paaniaa
paaniaaa
APANIAA
paaniaa
pll
pal
PPAL
idlli
IDLI
IIDLI
KKHUSHIU
KKhushiu
Khushiu
yaddein
Yaadein
yadein
YAAADEIN
hdharti
dharti
ganeseh
Ganesh
BANDHANAI
Bandhaani
bandhanni
Bandhhani
Dil
dill
safaaru
SAFARU
safaru
durgga
durgaa
durgg
DURGA
DIL
diil
HUSMAFAR
hmusafar
huumsfar
Manzzli
MANZIL
MAANZIL
manzill
musam
Mausamm
mmusam
mausam
CHAAWL
chawal
Chawal
cchawal
ALOO
aloo
Aloo
aloo
laoo
ALOO
AAloo
nirvanna
nirvana
nirvanaa
MAATAR
matar
mattar
KSSHAN
Kshhan
KSHANN
Kshhan
bchpanu
bachapnnu
bachpanu
CHAI
chci
CHIA
HCAI
Jannami
Janami
JJANAMI
JANAAMI
Ganesh
gnesh
ganeseh
sannataa
snnata
Aashaa
aahsha
asha
Bandhanaa
bbandhanaa
chaiiu
CHHAIU
chaiau
Mehmaan
mehhmaan
MEHHAMAN
MEHMAAAN
GGEET
eget
geet
zindagi
ZINDAIGI
ZINDAAGI
zindagi
DIN
dinn
dinn
DIIN
NIRVANA
nirvana
pyaar
PPyar
Pyar
paokran
pakoran
PAKORAN
Pakoran
hummsafar
huumsafar
humsaafar
Humsffar
VIRASATU
ivrsatu
VIRASATU
Saanjjh
Saanjh
DDhartii
Dhhrtii
prern
prerna
Prerrn
Prerna
patttagyra
pttagyra
pattagyra
aloo
Alloo
ALOOO
bhindi
bhinndi
Bhiindi
deesh
desh
DESH
KRISHNAEE
krishnee
Krishnaee
prerna
PRENRA
Musam
Musamm
MAUSAAM
PRASAD
prasad
PRASSAD
Musaam
maausam
amusam
MAUSAM
mausamm
idlli
iddli
Prasad
PRASAD
PRASADD
Aasha
AASHA
bhajan
BBHAJAN
BHAJNA
bhagwaani
bhagwani
Bhgwani
hummsfar
uhmsafar
Humsafar
Huumsfar
musaknaa
msukanaaa
muskanaa
Muskkanaa
shaktii
Shktti
hshakti
shkti
khushiiu
khushiu
RRam
rram
ram
dhrti
Dhrti
dhrti
manzil
manzil
mmehmaan
MEEHMAAN
Memhan
BANDEGAI
BANDDEGAI
BANDEGAI
parivaar
priivaar
alssi
lssi
Lassi
Swrr
swar
swr
DOSA
dos
DDOSA
PAANI
PAANAI
nirvanaa
Nirvanaa
BANDEGAI
BANDEGAI
pattagyraa
pattagyra
PATTGAYYRA
BANDEDGAI
bbandegai
bandegai
Bndegia
bhindi
Bhindi
bhindi
Bhindi
PATTAAGYRAN
pattagyran
Pttagyran
pattagyran
ABCHPAN
BACHPPAN
biryani
biryyain
Birnyii
Biryani
JALEBI
JALEBI
RRoshni
ROSHIN
Roshnii
oRshni
SAPNAU
sapnau
SAPNAU
rm
RRam
Rmm
ram
PAL
PPAL
ppal
Paal
JALEBI
jalebi
JJlebi
jjalebi
rma
arma
Raama
Halwa
HALAW
Hwlaa
halwaa
dessh
dseh
dessh
pl
paal
PPl
aPal
shanntiee
shntiee
SHANTIIEE
SHANTIEE
ZINDAGI
ZINDAGI
kalakarr
kalaakar
Humsafar
Humsafar
Humsafar
laddu
LLaddu
paaain
panani
pani
paanii